Archive member included because of file (symbol)

/opt/devkitpro/libogc/lib/wii/libwiiuse.a(wpad.o)
                              HomeMenu.o (WPAD_SetDataFormat)
/opt/devkitpro/libogc/lib/wii/libwiiuse.a(motion_plus.o)
                              /opt/devkitpro/libogc/lib/wii/libwiiuse.a(wpad.o) (wiiuse_set_motion_plus)
/opt/devkitpro/libogc/lib/wii/libwiiuse.a(dynamics.o)
                              /opt/devkitpro/libogc/lib/wii/libwiiuse.a(wpad.o) (calculate_gforce)
/opt/devkitpro/libogc/lib/wii/libwiiuse.a(io.o)
                              /opt/devkitpro/libogc/lib/wii/libwiiuse.a(motion_plus.o) (wiiuse_disable_expansion)
/opt/devkitpro/libogc/lib/wii/libwiiuse.a(io_wii.o)
                              /opt/devkitpro/libogc/lib/wii/libwiiuse.a(wpad.o) (__wiiuse_sensorbar_enable)
/opt/devkitpro/libogc/lib/wii/libwiiuse.a(ir.o)
                              /opt/devkitpro/libogc/lib/wii/libwiiuse.a(motion_plus.o) (wiiuse_set_ir_mode)
/opt/devkitpro/libogc/lib/wii/libwiiuse.a(nunchuk.o)
                              /opt/devkitpro/libogc/lib/wii/libwiiuse.a(io.o) (nunchuk_handshake)
/opt/devkitpro/libogc/lib/wii/libwiiuse.a(wiiboard.o)
                              /opt/devkitpro/libogc/lib/wii/libwiiuse.a(io.o) (wii_board_handshake)
/opt/devkitpro/libogc/lib/wii/libwiiuse.a(wiiuse.o)
                              /opt/devkitpro/libogc/lib/wii/libwiiuse.a(wpad.o) (wiiuse_init)
/opt/devkitpro/libogc/lib/wii/libwiiuse.a(speaker.o)
                              /opt/devkitpro/libogc/lib/wii/libwiiuse.a(wpad.o) (wencdata)
/opt/devkitpro/libogc/lib/wii/libwiiuse.a(classic.o)
                              /opt/devkitpro/libogc/lib/wii/libwiiuse.a(io.o) (classic_ctrl_handshake)
/opt/devkitpro/libogc/lib/wii/libwiiuse.a(events.o)
                              /opt/devkitpro/libogc/lib/wii/libwiiuse.a(io_wii.o) (parse_event)
/opt/devkitpro/libogc/lib/wii/libwiiuse.a(guitar_hero_3.o)
                              /opt/devkitpro/libogc/lib/wii/libwiiuse.a(io.o) (guitar_hero_3_handshake)
/opt/devkitpro/libogc/lib/wii/libbte.a(bte.o)
                              /opt/devkitpro/libogc/lib/wii/libwiiuse.a(wpad.o) (BTE_Init)
/opt/devkitpro/libogc/lib/wii/libbte.a(hci.o)
                              /opt/devkitpro/libogc/lib/wii/libbte.a(bte.o) (hci_init)
/opt/devkitpro/libogc/lib/wii/libbte.a(l2cap.o)
                              /opt/devkitpro/libogc/lib/wii/libbte.a(bte.o) (l2cap_init)
/opt/devkitpro/libogc/lib/wii/libbte.a(btmemb.o)
                              /opt/devkitpro/libogc/lib/wii/libbte.a(bte.o) (btmemb_init)
/opt/devkitpro/libogc/lib/wii/libbte.a(btmemr.o)
                              /opt/devkitpro/libogc/lib/wii/libbte.a(hci.o) (btmemr_init)
/opt/devkitpro/libogc/lib/wii/libbte.a(btpbuf.o)
                              /opt/devkitpro/libogc/lib/wii/libbte.a(hci.o) (btpbuf_init)
/opt/devkitpro/libogc/lib/wii/libbte.a(physbusif.o)
                              /opt/devkitpro/libogc/lib/wii/libbte.a(bte.o) (physbusif_init)
/opt/devkitpro/libogc/lib/wii/libogc.a(lwp_queue.o)
                              /opt/devkitpro/libogc/lib/wii/libwiiuse.a(io_wii.o) (__lwp_queue_initialize)
/opt/devkitpro/libogc/lib/wii/libogc.a(lwp_threads.o)
                              /opt/devkitpro/libogc/lib/wii/libwiiuse.a(wpad.o) (_thread_dispatch_disable_level)
/opt/devkitpro/libogc/lib/wii/libogc.a(lwp.o)
                              /opt/devkitpro/libogc/lib/wii/libbte.a(bte.o) (LWP_InitQueue)
/opt/devkitpro/libogc/lib/wii/libogc.a(lwp_handler.o)
                              /opt/devkitpro/libogc/lib/wii/libogc.a(lwp_threads.o) (_cpu_context_save_fp)
/opt/devkitpro/libogc/lib/wii/libogc.a(lwp_stack.o)
                              /opt/devkitpro/libogc/lib/wii/libogc.a(lwp_threads.o) (__lwp_stack_allocate)
/opt/devkitpro/libogc/lib/wii/libogc.a(lwp_watchdog.o)
                              /opt/devkitpro/libogc/lib/wii/libogc.a(lwp_threads.o) (_wd_ticks_queue)
/opt/devkitpro/libogc/lib/wii/libogc.a(lwp_wkspace.o)
                              /opt/devkitpro/libogc/lib/wii/libwiiuse.a(io.o) (__wkspace_heap)
/opt/devkitpro/libogc/lib/wii/libogc.a(lwp_objmgr.o)
                              /opt/devkitpro/libogc/lib/wii/libogc.a(lwp.o) (__lwp_objmgr_initinfo)
/opt/devkitpro/libogc/lib/wii/libogc.a(lwp_heap.o)
                              /opt/devkitpro/libogc/lib/wii/libogc.a(lwp_wkspace.o) (__lwp_heap_init)
/opt/devkitpro/libogc/lib/wii/libogc.a(sys_state.o)
                              /opt/devkitpro/libogc/lib/wii/libogc.a(lwp_threads.o) (_sys_state_curr)
/opt/devkitpro/libogc/lib/wii/libogc.a(irq.o)
                              /opt/devkitpro/libogc/lib/wii/libwiiuse.a(io_wii.o) (IRQ_Disable)
/opt/devkitpro/libogc/lib/wii/libogc.a(video.o)
                              gxsprites.o (VIDEO_Configure)
/opt/devkitpro/libogc/lib/wii/libogc.a(cache_asm.o)
                              HomeMenu.o (DCFlushRange)
/opt/devkitpro/libogc/lib/wii/libogc.a(system.o)
[...]
Memory Configuration

Name             Origin             Length             Attributes
*default*        0x00000000         0xffffffff

Linker script and memory map

                0x00003400                . = 0x3400

.stub
 *(.stub)
                0x80004000                . = 0x80004000

.init           0x80004000      0x194
 *crt0.o(*.init)
 .init          0x80004000      0x170 /opt/devkitpro/libogc/lib/wii/libogc.a(ogc_crt0.o)
                0x80004000                _start
                0x80004140                _memset
 *(.init)
 .init          0x80004170        0xc /opt/devkitpro/devkitPPC/lib/gcc/powerpc-eabi/4.6.3/ecrti.o
                0x80004170                __init
 .init          0x8000417c        0x4 /opt/devkitpro/devkitPPC/lib/gcc/powerpc-eabi/4.6.3/crtbegin.o
 .init          0x80004180        0x4 /opt/devkitpro/devkitPPC/lib/gcc/powerpc-eabi/4.6.3/crtend.o
 .init          0x80004184       0x10 /opt/devkitpro/devkitPPC/lib/gcc/powerpc-eabi/4.6.3/ecrtn.o

.rela.dyn       0x80004194        0x0
 .rela.iplt     0x00000000        0x0 /opt/devkitpro/devkitPPC/lib/gcc/powerpc-eabi/4.6.3/crtbegin.o

.plt
 *(.plt)

.interp
 *(.interp)

.hash
 *(.hash)

.dynsym
 *(.dynsym)

.dynstr
 *(.dynstr)

.gnu.version
 *(.gnu.version)

.gnu.version_d
 *(.gnu.version_d)

.gnu.version_r
 *(.gnu.version_r)

.rel.init
 *(.rel.init)

.rela.init      0x80004194        0x0
 *(.rela.init)
 .rela.init     0x00000000        0x0 /opt/devkitpro/devkitPPC/lib/gcc/powerpc-eabi/4.6.3/crtbegin.o

.rel.text
 *(.rel.text .rel.text.* .rel.gnu.linkonce.t.*)

.rela.text      0x80004194        0x0
 *(.rela.text .rela.text.* .rela.gnu.linkonce.t.*)
 .rela.text     0x00000000        0x0 /opt/devkitpro/devkitPPC/lib/gcc/powerpc-eabi/4.6.3/crtbegin.o
 .rela.text.HomeMenu_SetGFX
                0x00000000        0x0 /opt/devkitpro/devkitPPC/lib/gcc/powerpc-eabi/4.6.3/crtbegin.o
 .rela.text.HomeMenu_SetSND
                0x00000000        0x0 /opt/devkitpro/devkitPPC/lib/gcc/powerpc-eabi/4.6.3/crtbegin.o
 .rela.text.HomeMenu_Destroy
                0x00000000        0x0 /opt/devkitpro/devkitPPC/lib/gcc/powerpc-eabi/4.6.3/crtbegin.o
 .rela.text.HomeMenu_SetBeforeShowMenu
                0x00000000        0x0 /opt/devkitpro/devkitPPC/lib/gcc/powerpc-eabi/4.6.3/crtbegin.o
 .rela.text.HomeMenu_SetAfterShowMenu
                0x00000000        0x0 /opt/devkitpro/devkitPPC/lib/gcc/powerpc-eabi/4.6.3/crtbegin.o
 .rela.text.HomeMenu_SetBeforeDraw
                0x00000000        0x0 /opt/devkitpro/devkitPPC/lib/gcc/powerpc-eabi/4.6.3/crtbegin.o
 .rela.text.HomeMenu_SetAfterDraw
                0x00000000        0x0 /opt/devkitpro/devkitPPC/lib/gcc/powerpc-eabi/4.6.3/crtbegin.o
 .rela.text.HomeMenu_SetBeforeHideMenu
                0x00000000        0x0 /opt/devkitpro/devkitPPC/lib/gcc/powerpc-eabi/4.6.3/crtbegin.o
 .rela.text.HomeMenu_SetAfterHideMenu
                0x00000000        0x0 /opt/devkitpro/devkitPPC/lib/gcc/powerpc-eabi/4.6.3/crtbegin.o
 .rela.text.__HomeMenu_resetCursors
                0x00000000        0x0 /opt/devkitpro/devkitPPC/lib/gcc/powerpc-eabi/4.6.3/crtbegin.o
 .rela.text.__HomeMenu_animate
                0x00000000        0x0 /opt/devkitpro/devkitPPC/lib/gcc/powerpc-eabi/4.6.3/crtbegin.o
 .rela.text.__HomeMenu_drawImage
                0x00000000        0x0 /opt/devkitpro/devkitPPC/lib/gcc/powerpc-eabi/4.6.3/crtbegin.o
 .rela.text.__HomeMenu_playPCM
                0x00000000        0x0 /opt/devkitpro/devkitPPC/lib/gcc/powerpc-eabi/4.6.3/crtbegin.o
 .rela.text.__HomeMenu_updateWiimotes
                0x00000000        0x0 /opt/devkitpro/devkitPPC/lib/gcc/powerpc-eabi/4.6.3/crtbegin.o
 .rela.text.__HomeMenu_drawFader
                0x00000000        0x0 /opt/devkitpro/devkitPPC/lib/gcc/powerpc-eabi/4.6.3/crtbegin.o
 .rela.text.__HomeMenu_draw
                0x00000000        0x0 /opt/devkitpro/devkitPPC/lib/gcc/powerpc-eabi/4.6.3/crtbegin.o
 .rela.text.__HomeMenu_updateTimer
                0x00000000        0x0 /opt/devkitpro/devkitPPC/lib/gcc/powerpc-eabi/4.6.3/crtbegin.o
 .rela.text.__HomeMenu_setVisible
                0x00000000        0x0 /opt/devkitpro/devkitPPC/lib/gcc/powerpc-eabi/4.6.3/crtbegin.o
 .rela.text.__HomeMenu_moveAll
                0x00000000        0x0 /opt/devkitpro/devkitPPC/lib/gcc/powerpc-eabi/4.6.3/crtbegin.o
 .rela.text.__HomeMenu_slide
                0x00000000        0x0 /opt/devkitpro/devkitPPC/lib/gcc/powerpc-eabi/4.6.3/crtbegin.o
 .rela.text.HomeMenu_Show
                0x00000000        0x0 /opt/devkitpro/devkitPPC/lib/gcc/powerpc-eabi/4.6.3/crtbegin.o
 .rela.text.HomeMenu_Init
                0x00000000        0x0 /opt/devkitpro/devkitPPC/lib/gcc/powerpc-eabi/4.6.3/crtbegin.o
 .rela.text.drawSpriteTex
                0x00000000        0x0 /opt/devkitpro/devkitPPC/lib/gcc/powerpc-eabi/4.6.3/crtbegin.o
 .rela.text.startup.main
                0x00000000        0x0 /opt/devkitpro/devkitPPC/lib/gcc/powerpc-eabi/4.6.3/crtbegin.o
 .rela.text.wiiuse_handshake_expansion
                0x00000000        0x0 /opt/devkitpro/devkitPPC/lib/gcc/powerpc-eabi/4.6.3/crtbegin.o
 .rela.text.wiiuse_handshake
                0x00000000        0x0 /opt/devkitpro/devkitPPC/lib/gcc/powerpc-eabi/4.6.3/crtbegin.o
 .rela.text.wiiuse_init_cmd_queue
                0x00000000        0x0 /opt/devkitpro/devkitPPC/lib/gcc/powerpc-eabi/4.6.3/crtbegin.o
 .rela.text.wiiuse_init
                0x00000000        0x0 /opt/devkitpro/devkitPPC/lib/gcc/powerpc-eabi/4.6.3/crtbegin.o
 .rela.text.bt_alarmhandler
                0x00000000        0x0 /opt/devkitpro/devkitPPC/lib/gcc/powerpc-eabi/4.6.3/crtbegin.o
 .rela.text.__lwp_thread_calcheir
                0x00000000        0x0 /opt/devkitpro/devkitPPC/lib/gcc/powerpc-eabi/4.6.3/crtbegin.o
 .rela.text.__lwp_wd_insert_ticks.constprop.4
                0x00000000        0x0 /opt/devkitpro/devkitPPC/lib/gcc/powerpc-eabi/4.6.3/crtbegin.o
 .rela.text.__lwp_rotate_readyqueue
                0x00000000        0x0 /opt/devkitpro/devkitPPC/lib/gcc/powerpc-eabi/4.6.3/crtbegin.o
 .rela.text.__lwp_thread_setpriority
                0x00000000        0x0 /opt/devkitpro/devkitPPC/lib/gcc/powerpc-eabi/4.6.3/crtbegin.o
 .rela.text.__lwp_thread_close
                0x00000000        0x0 /opt/devkitpro/devkitPPC/lib/gcc/powerpc-eabi/4.6.3/crtbegin.o
 .rela.text.__lwp_thread_closeall
                0x00000000        0x0 /opt/devkitpro/devkitPPC/lib/gcc/powerpc-eabi/4.6.3/crtbegin.o
 .rela.text.__lwp_thread_startmultitasking
                0x00000000        0x0 /opt/devkitpro/devkitPPC/lib/gcc/powerpc-eabi/4.6.3/crtbegin.o
 .rela.text.__lwp_thread_stopmultitasking
                0x00000000        0x0 /opt/devkitpro/devkitPPC/lib/gcc/powerpc-eabi/4.6.3/crtbegin.o
 .rela.text.__lwp_thread_coreinit
                0x00000000        0x0 /opt/devkitpro/devkitPPC/lib/gcc/powerpc-eabi/4.6.3/crtbegin.o
 .rela.text.__lwp_cntrl_free
                0x00000000        0x0 /opt/devkitpro/devkitPPC/lib/gcc/powerpc-eabi/4.6.3/crtbegin.o
 .rela.text.__lwp_tqueue_open
                0x00000000        0x0 /opt/devkitpro/devkitPPC/lib/gcc/powerpc-eabi/4.6.3/crtbegin.o
 .rela.text.__lwp_cntrl_open
                0x00000000        0x0 /opt/devkitpro/devkitPPC/lib/gcc/powerpc-eabi/4.6.3/crtbegin.o
 .rela.text.__lwp_sysinit
                0x00000000        0x0 /opt/devkitpro/devkitPPC/lib/gcc/powerpc-eabi/4.6.3/crtbegin.o
 .rela.text.__lwp_thread_isalive
                0x00000000        0x0 /opt/devkitpro/devkitPPC/lib/gcc/powerpc-eabi/4.6.3/crtbegin.o
 .rela.text.__lwp_thread_exists
                0x00000000        0x0 /opt/devkitpro/devkitPPC/lib/gcc/powerpc-eabi/4.6.3/crtbegin.o
 .rela.text.__lwp_thread_context
                0x00000000        0x0 /opt/devkitpro/devkitPPC/lib/gcc/powerpc-eabi/4.6.3/crtbegin.o
 .rela.text.LWP_CreateThread
                0x00000000        0x0 /opt/devkitpro/devkitPPC/lib/gcc/powerpc-eabi/4.6.3/crtbegin.o
 .rela.text.LWP_InitQueue
                0x00000000        0x0 /opt/devkitpro/devkitPPC/lib/gcc/powerpc-eabi/4.6.3/crtbegin.o
 .rela.text.LWP_CloseQueue
                0x00000000        0x0 /opt/devkitpro/devkitPPC/lib/gcc/powerpc-eabi/4.6.3/crtbegin.o
 .rela.text.__lwp_stack_allocate
                0x00000000        0x0 /opt/devkitpro/devkitPPC/lib/gcc/powerpc-eabi/4.6.3/crtbegin.o
 .rela.text.__lwp_stack_free
                0x00000000        0x0 /opt/devkitpro/devkitPPC/lib/gcc/powerpc-eabi/4.6.3/crtbegin.o
 .rela.text.__lwp_watchdog_init
                0x00000000        0x0 /opt/devkitpro/devkitPPC/lib/gcc/powerpc-eabi/4.6.3/crtbegin.o
 .rela.text.__lwp_wd_tickle
                0x00000000        0x0 /opt/devkitpro/devkitPPC/lib/gcc/powerpc-eabi/4.6.3/crtbegin.o
 .rela.text.__lwp_wkspace_heapfree
                0x00000000        0x0 /opt/devkitpro/devkitPPC/lib/gcc/powerpc-eabi/4.6.3/crtbegin.o
 .rela.text.__lwp_wkspace_heapused
                0x00000000        0x0 /opt/devkitpro/devkitPPC/lib/gcc/powerpc-eabi/4.6.3/crtbegin.o
 .rela.text.__lwp_wkspace_init
                0x00000000        0x0 /opt/devkitpro/devkitPPC/lib/gcc/powerpc-eabi/4.6.3/crtbegin.o
 .rela.text.__lwp_objmgr_initinfo
                0x00000000        0x0 /opt/devkitpro/devkitPPC/lib/gcc/powerpc-eabi/4.6.3/crtbegin.o
 .rela.text.__irq_init
                0x00000000        0x0 /opt/devkitpro/devkitPPC/lib/gcc/powerpc-eabi/4.6.3/crtbegin.o
 .rela.text.__call_resetfuncs
                0x00000000        0x0 /opt/devkitpro/devkitPPC/lib/gcc/powerpc-eabi/4.6.3/crtbegin.o
 .rela.text.__locksram
                0x00000000        0x0 /opt/devkitpro/devkitPPC/lib/gcc/powerpc-eabi/4.6.3/crtbegin.o
 .rela.text.__lwp_wd_insert_ticks
                0x00000000        0x0 /opt/devkitpro/devkitPPC/lib/gcc/powerpc-eabi/4.6.3/crtbegin.o
 .rela.text.__unlocksram
                0x00000000        0x0 /opt/devkitpro/devkitPPC/lib/gcc/powerpc-eabi/4.6.3/crtbegin.o
 .rela.text.__sram_writecallback
                0x00000000        0x0 /opt/devkitpro/devkitPPC/lib/gcc/powerpc-eabi/4.6.3/crtbegin.o
 .rela.text.__sram_init
                0x00000000        0x0 /opt/devkitpro/devkitPPC/lib/gcc/powerpc-eabi/4.6.3/crtbegin.o
 .rela.text.__SYS_SyncSram
                0x00000000        0x0 /opt/devkitpro/devkitPPC/lib/gcc/powerpc-eabi/4.6.3/crtbegin.o
 .rela.text.SYS_Init
                0x00000000        0x0 /opt/devkitpro/devkitPPC/lib/gcc/powerpc-eabi/4.6.3/crtbegin.o
 .rela.text.SYS_RemoveAlarm
                0x00000000        0x0 /opt/devkitpro/devkitPPC/lib/gcc/powerpc-eabi/4.6.3/crtbegin.o
 .rela.text.SYS_CancelAlarm
                0x00000000        0x0 /opt/devkitpro/devkitPPC/lib/gcc/powerpc-eabi/4.6.3/crtbegin.o
 .rela.text.__lwp_cond_open
                0x00000000        0x0 /opt/devkitpro/devkitPPC/lib/gcc/powerpc-eabi/4.6.3/crtbegin.o
 .rela.text.__lwp_cond_init
                0x00000000        0x0 /opt/devkitpro/devkitPPC/lib/gcc/powerpc-eabi/4.6.3/crtbegin.o
 .rela.text.LWP_CondInit
                0x00000000        0x0 /opt/devkitpro/devkitPPC/lib/gcc/powerpc-eabi/4.6.3/crtbegin.o
 .rela.text.LWP_CondDestroy
                0x00000000        0x0 /opt/devkitpro/devkitPPC/lib/gcc/powerpc-eabi/4.6.3/crtbegin.o
 .rela.text.__GX_FifoLink
                0x00000000        0x0 /opt/devkitpro/devkitPPC/lib/gcc/powerpc-eabi/4.6.3/crtbegin.o
 .rela.text.__GX_WriteFifoIntEnable
                0x00000000        0x0 /opt/devkitpro/devkitPPC/lib/gcc/powerpc-eabi/4.6.3/crtbegin.o
 .rela.text.__GX_FifoReadEnable
                0x00000000        0x0 /opt/devkitpro/devkitPPC/lib/gcc/powerpc-eabi/4.6.3/crtbegin.o
 .rela.text.__GX_FifoReadDisable
                0x00000000        0x0 /opt/devkitpro/devkitPPC/lib/gcc/powerpc-eabi/4.6.3/crtbegin.o
 .rela.text.__GX_InitRevBits
                0x00000000        0x0 /opt/devkitpro/devkitPPC/lib/gcc/powerpc-eabi/4.6.3/crtbegin.o
 .rela.text.__GXDefTexRegionCallback
                0x00000000        0x0 /opt/devkitpro/devkitPPC/lib/gcc/powerpc-eabi/4.6.3/crtbegin.o
 .rela.text.__GXDefTlutRegionCallback
                0x00000000        0x0 /opt/devkitpro/devkitPPC/lib/gcc/powerpc-eabi/4.6.3/crtbegin.o
 .rela.text.__GX_FlushTextureState
                0x00000000        0x0 /opt/devkitpro/devkitPPC/lib/gcc/powerpc-eabi/4.6.3/crtbegin.o
 .rela.text.__SetSURegs
                0x00000000        0x0 /opt/devkitpro/devkitPPC/lib/gcc/powerpc-eabi/4.6.3/crtbegin.o
 .rela.text.__SETVCDFMT
                0x00000000        0x0 /opt/devkitpro/devkitPPC/lib/gcc/powerpc-eabi/4.6.3/crtbegin.o
 .rela.text.__GX_SetMatrixIndex
                0x00000000        0x0 /opt/devkitpro/devkitPPC/lib/gcc/powerpc-eabi/4.6.3/crtbegin.o
 .rela.text.__GX_SetDirtyState
                0x00000000        0x0 /opt/devkitpro/devkitPPC/lib/gcc/powerpc-eabi/4.6.3/crtbegin.o
 .rela.text.__SETVCDATTR
                0x00000000        0x0 /opt/devkitpro/devkitPPC/lib/gcc/powerpc-eabi/4.6.3/crtbegin.o
 .rela.text.__GX_WriteFifoIntReset.constprop.6
                0x00000000        0x0 /opt/devkitpro/devkitPPC/lib/gcc/powerpc-eabi/4.6.3/crtbegin.o
 .rela.text.__GXCPInterruptHandler
                0x00000000        0x0 /opt/devkitpro/devkitPPC/lib/gcc/powerpc-eabi/4.6.3/crtbegin.o
 .rela.text.GX_Flush
                0x00000000        0x0 /opt/devkitpro/devkitPPC/lib/gcc/powerpc-eabi/4.6.3/crtbegin.o
 .rela.text.GX_EnableBreakPt
                0x00000000        0x0 /opt/devkitpro/devkitPPC/lib/gcc/powerpc-eabi/4.6.3/crtbegin.o
 .rela.text.GX_DisableBreakPt
                0x00000000        0x0 /opt/devkitpro/devkitPPC/lib/gcc/powerpc-eabi/4.6.3/crtbegin.o
 .rela.text.GX_AbortFrame
                0x00000000        0x0 /opt/devkitpro/devkitPPC/lib/gcc/powerpc-eabi/4.6.3/crtbegin.o
 .rela.text.GX_PixModeSync
                0x00000000        0x0 /opt/devkitpro/devkitPPC/lib/gcc/powerpc-eabi/4.6.3/crtbegin.o
 .rela.text.GX_SetMisc
                0x00000000        0x0 /opt/devkitpro/devkitPPC/lib/gcc/powerpc-eabi/4.6.3/crtbegin.o
 .rela.text.GX_SetCopyClamp
                0x00000000        0x0 /opt/devkitpro/devkitPPC/lib/gcc/powerpc-eabi/4.6.3/crtbegin.o
 .rela.text.GX_SetDispCopyGamma
                0x00000000        0x0 /opt/devkitpro/devkitPPC/lib/gcc/powerpc-eabi/4.6.3/crtbegin.o
 .rela.text.GX_SetDispCopyFrame2Field
                0x00000000        0x0 /opt/devkitpro/devkitPPC/lib/gcc/powerpc-eabi/4.6.3/crtbegin.o
 .rela.text.GX_SetDispCopyYScale
                0x00000000        0x0 /opt/devkitpro/devkitPPC/lib/gcc/powerpc-eabi/4.6.3/crtbegin.o
 .rela.text.GX_SetDispCopyDst
                0x00000000        0x0 /opt/devkitpro/devkitPPC/lib/gcc/powerpc-eabi/4.6.3/crtbegin.o
 .rela.text.GX_SetDispCopySrc
                0x00000000        0x0 /opt/devkitpro/devkitPPC/lib/gcc/powerpc-eabi/4.6.3/crtbegin.o
 .rela.text.GX_CopyDisp
                0x00000000        0x0 /opt/devkitpro/devkitPPC/lib/gcc/powerpc-eabi/4.6.3/crtbegin.o
 .rela.text.GX_CopyTex
                0x00000000        0x0 /opt/devkitpro/devkitPPC/lib/gcc/powerpc-eabi/4.6.3/crtbegin.o
 .rela.text.GX_SetTexCopySrc
                0x00000000        0x0 /opt/devkitpro/devkitPPC/lib/gcc/powerpc-eabi/4.6.3/crtbegin.o
 .rela.text.GX_SetTexCopyDst
                0x00000000        0x0 /opt/devkitpro/devkitPPC/lib/gcc/powerpc-eabi/4.6.3/crtbegin.o
 .rela.text.GX_BeginDispList
                0x00000000        0x0 /opt/devkitpro/devkitPPC/lib/gcc/powerpc-eabi/4.6.3/crtbegin.o
 .rela.text.GX_EndDispList
                0x00000000        0x0 /opt/devkitpro/devkitPPC/lib/gcc/powerpc-eabi/4.6.3/crtbegin.o
 .rela.text.GX_CallDispList
                0x00000000        0x0 /opt/devkitpro/devkitPPC/lib/gcc/powerpc-eabi/4.6.3/crtbegin.o
 .rela.text.GX_SetChanCtrl
                0x00000000        0x0 /opt/devkitpro/devkitPPC/lib/gcc/powerpc-eabi/4.6.3/crtbegin.o
 .rela.text.GX_SetChanAmbColor
                0x00000000        0x0 /opt/devkitpro/devkitPPC/lib/gcc/powerpc-eabi/4.6.3/crtbegin.o
 .rela.text.GX_SetChanMatColor
                0x00000000        0x0 /opt/devkitpro/devkitPPC/lib/gcc/powerpc-eabi/4.6.3/crtbegin.o
 .rela.text.GX_SetVtxDesc
                0x00000000        0x0 /opt/devkitpro/devkitPPC/lib/gcc/powerpc-eabi/4.6.3/crtbegin.o
 .rela.text.GX_SetVtxDescv
                0x00000000        0x0 /opt/devkitpro/devkitPPC/lib/gcc/powerpc-eabi/4.6.3/crtbegin.o
 .rela.text.GX_GetVtxDescv
                0x00000000        0x0 /opt/devkitpro/devkitPPC/lib/gcc/powerpc-eabi/4.6.3/crtbegin.o
 .rela.text.GX_SetVtxAttrFmt
                0x00000000        0x0 /opt/devkitpro/devkitPPC/lib/gcc/powerpc-eabi/4.6.3/crtbegin.o
 .rela.text.GX_SetVtxAttrFmtv
                0x00000000        0x0 /opt/devkitpro/devkitPPC/lib/gcc/powerpc-eabi/4.6.3/crtbegin.o
 .rela.text.GX_Begin
                0x00000000        0x0 /opt/devkitpro/devkitPPC/lib/gcc/powerpc-eabi/4.6.3/crtbegin.o
 .rela.text.GX_SetTexCoordGen2
                0x00000000        0x0 /opt/devkitpro/devkitPPC/lib/gcc/powerpc-eabi/4.6.3/crtbegin.o
 .rela.text.GX_SetCurrentMtx
                0x00000000        0x0 /opt/devkitpro/devkitPPC/lib/gcc/powerpc-eabi/4.6.3/crtbegin.o
 .rela.text.GX_SetNumTexGens
                0x00000000        0x0 /opt/devkitpro/devkitPPC/lib/gcc/powerpc-eabi/4.6.3/crtbegin.o
 .rela.text.GX_SetZMode
                0x00000000        0x0 /opt/devkitpro/devkitPPC/lib/gcc/powerpc-eabi/4.6.3/crtbegin.o
 .rela.text.GX_LoadTexObjPreloaded
                0x00000000        0x0 /opt/devkitpro/devkitPPC/lib/gcc/powerpc-eabi/4.6.3/crtbegin.o
 .rela.text.GX_SetTexCoordScaleManually
                0x00000000        0x0 /opt/devkitpro/devkitPPC/lib/gcc/powerpc-eabi/4.6.3/crtbegin.o
 .rela.text.GX_SetTexCoordCylWrap
                0x00000000        0x0 /opt/devkitpro/devkitPPC/lib/gcc/powerpc-eabi/4.6.3/crtbegin.o
 .rela.text.GX_SetTexCoordBias
                0x00000000        0x0 /opt/devkitpro/devkitPPC/lib/gcc/powerpc-eabi/4.6.3/crtbegin.o
 .rela.text.GX_SetBlendMode
                0x00000000        0x0 /opt/devkitpro/devkitPPC/lib/gcc/powerpc-eabi/4.6.3/crtbegin.o
 .rela.text.GX_ClearVtxDesc
                0x00000000        0x0 /opt/devkitpro/devkitPPC/lib/gcc/powerpc-eabi/4.6.3/crtbegin.o
 .rela.text.GX_SetLineWidth
                0x00000000        0x0 /opt/devkitpro/devkitPPC/lib/gcc/powerpc-eabi/4.6.3/crtbegin.o
 .rela.text.GX_SetPointSize
                0x00000000        0x0 /opt/devkitpro/devkitPPC/lib/gcc/powerpc-eabi/4.6.3/crtbegin.o
 .rela.text.GX_SetTevColorIn
                0x00000000        0x0 /opt/devkitpro/devkitPPC/lib/gcc/powerpc-eabi/4.6.3/crtbegin.o
 .rela.text.GX_SetTevAlphaIn
                0x00000000        0x0 /opt/devkitpro/devkitPPC/lib/gcc/powerpc-eabi/4.6.3/crtbegin.o
 .rela.text.GX_SetTevColorOp
                0x00000000        0x0 /opt/devkitpro/devkitPPC/lib/gcc/powerpc-eabi/4.6.3/crtbegin.o
 .rela.text.GX_SetTevAlphaOp
                0x00000000        0x0 /opt/devkitpro/devkitPPC/lib/gcc/powerpc-eabi/4.6.3/crtbegin.o
 .rela.text.GX_SetCullMode
                0x00000000        0x0 /opt/devkitpro/devkitPPC/lib/gcc/powerpc-eabi/4.6.3/crtbegin.o
 .rela.text.GX_SetCoPlanar
                0x00000000        0x0 /opt/devkitpro/devkitPPC/lib/gcc/powerpc-eabi/4.6.3/crtbegin.o
 .rela.text.GX_EnableTexOffsets
                0x00000000        0x0 /opt/devkitpro/devkitPPC/lib/gcc/powerpc-eabi/4.6.3/crtbegin.o
 .rela.text.GX_SetScissor
                0x00000000        0x0 /opt/devkitpro/devkitPPC/lib/gcc/powerpc-eabi/4.6.3/crtbegin.o
 .rela.text.GX_SetNumChans
                0x00000000        0x0 /opt/devkitpro/devkitPPC/lib/gcc/powerpc-eabi/4.6.3/crtbegin.o
 .rela.text.GX_SetTevOrder
                0x00000000        0x0 /opt/devkitpro/devkitPPC/lib/gcc/powerpc-eabi/4.6.3/crtbegin.o
 .rela.text.GX_SetNumTevStages
                0x00000000        0x0 /opt/devkitpro/devkitPPC/lib/gcc/powerpc-eabi/4.6.3/crtbegin.o
 .rela.text.GX_SetTevKColorSel
                0x00000000        0x0 /opt/devkitpro/devkitPPC/lib/gcc/powerpc-eabi/4.6.3/crtbegin.o
 .rela.text.GX_SetTevKAlphaSel
                0x00000000        0x0 /opt/devkitpro/devkitPPC/lib/gcc/powerpc-eabi/4.6.3/crtbegin.o
 .rela.text.GX_SetTevSwapMode
                0x00000000        0x0 /opt/devkitpro/devkitPPC/lib/gcc/powerpc-eabi/4.6.3/crtbegin.o
 .rela.text.GX_SetTevSwapModeTable
                0x00000000        0x0 /opt/devkitpro/devkitPPC/lib/gcc/powerpc-eabi/4.6.3/crtbegin.o
 .rela.text.GX_SetNumIndStages
                0x00000000        0x0 /opt/devkitpro/devkitPPC/lib/gcc/powerpc-eabi/4.6.3/crtbegin.o
 .rela.text.GX_SetIndTexCoordScale
                0x00000000        0x0 /opt/devkitpro/devkitPPC/lib/gcc/powerpc-eabi/4.6.3/crtbegin.o
 .rela.text.GX_SetColorUpdate
                0x00000000        0x0 /opt/devkitpro/devkitPPC/lib/gcc/powerpc-eabi/4.6.3/crtbegin.o
 .rela.text.GX_SetAlphaUpdate
                0x00000000        0x0 /opt/devkitpro/devkitPPC/lib/gcc/powerpc-eabi/4.6.3/crtbegin.o
 .rela.text.GX_SetZCompLoc
                0x00000000        0x0 /opt/devkitpro/devkitPPC/lib/gcc/powerpc-eabi/4.6.3/crtbegin.o
 .rela.text.GX_SetPixelFmt
                0x00000000        0x0 /opt/devkitpro/devkitPPC/lib/gcc/powerpc-eabi/4.6.3/crtbegin.o
 .rela.text.GX_SetDither
                0x00000000        0x0 /opt/devkitpro/devkitPPC/lib/gcc/powerpc-eabi/4.6.3/crtbegin.o
 .rela.text.GX_SetDstAlpha
                0x00000000        0x0 /opt/devkitpro/devkitPPC/lib/gcc/powerpc-eabi/4.6.3/crtbegin.o
 .rela.text.GX_SetFieldMode
                0x00000000        0x0 /opt/devkitpro/devkitPPC/lib/gcc/powerpc-eabi/4.6.3/crtbegin.o
 .rela.text.GX_SetIndTexOrder
                0x00000000        0x0 /opt/devkitpro/devkitPPC/lib/gcc/powerpc-eabi/4.6.3/crtbegin.o
 .rela.text.GX_SetGPMetric
                0x00000000        0x0 /opt/devkitpro/devkitPPC/lib/gcc/powerpc-eabi/4.6.3/crtbegin.o
 .rela.text.GX_Init
                0x00000000        0x0 /opt/devkitpro/devkitPPC/lib/gcc/powerpc-eabi/4.6.3/crtbegin.o
 .rela.text.GX_ReadGPMetric
                0x00000000        0x0 /opt/devkitpro/devkitPPC/lib/gcc/powerpc-eabi/4.6.3/crtbegin.o
 .rela.text.c_decrementer_handler
                0x00000000        0x0 /opt/devkitpro/devkitPPC/lib/gcc/powerpc-eabi/4.6.3/crtbegin.o
 .rela.text.__lwp_mqbox_free
                0x00000000        0x0 /opt/devkitpro/devkitPPC/lib/gcc/powerpc-eabi/4.6.3/crtbegin.o
 .rela.text.__lwp_mqbox_open
                0x00000000        0x0 /opt/devkitpro/devkitPPC/lib/gcc/powerpc-eabi/4.6.3/crtbegin.o
 .rela.text.__lwp_mqbox_init
                0x00000000        0x0 /opt/devkitpro/devkitPPC/lib/gcc/powerpc-eabi/4.6.3/crtbegin.o
 .rela.text.MQ_Init
                0x00000000        0x0 /opt/devkitpro/devkitPPC/lib/gcc/powerpc-eabi/4.6.3/crtbegin.o
 .rela.text.__ios_ioctlvformat_parse
                0x00000000        0x0 /opt/devkitpro/devkitPPC/lib/gcc/powerpc-eabi/4.6.3/crtbegin.o
 .rela.text.__ioctlvfmtCB
                0x00000000        0x0 /opt/devkitpro/devkitPPC/lib/gcc/powerpc-eabi/4.6.3/crtbegin.o
 .rela.text.IOS_IoctlvFormat
                0x00000000        0x0 /opt/devkitpro/devkitPPC/lib/gcc/powerpc-eabi/4.6.3/crtbegin.o
 .rela.text.IOS_IoctlvFormatAsync
                0x00000000        0x0 /opt/devkitpro/devkitPPC/lib/gcc/powerpc-eabi/4.6.3/crtbegin.o
 .rela.text.nanosleep
                0x00000000        0x0 /opt/devkitpro/devkitPPC/lib/gcc/powerpc-eabi/4.6.3/crtbegin.o
 .rela.text.__libc_delete_hook
                0x00000000        0x0 /opt/devkitpro/devkitPPC/lib/gcc/powerpc-eabi/4.6.3/crtbegin.o
 .rela.text.__libc_init
                0x00000000        0x0 /opt/devkitpro/devkitPPC/lib/gcc/powerpc-eabi/4.6.3/crtbegin.o
 .rela.text.__libc_wrapup
                0x00000000        0x0 /opt/devkitpro/devkitPPC/lib/gcc/powerpc-eabi/4.6.3/crtbegin.o
 .rela.text.__CheckARGV
                0x00000000        0x0 /opt/devkitpro/devkitPPC/lib/gcc/powerpc-eabi/4.6.3/crtbegin.o
 .rela.text.__lwp_priority_init
                0x00000000        0x0 /opt/devkitpro/devkitPPC/lib/gcc/powerpc-eabi/4.6.3/crtbegin.o
 .rela.text.__lwp_wd_remove_ticks
                0x00000000        0x0 /opt/devkitpro/devkitPPC/lib/gcc/powerpc-eabi/4.6.3/crtbegin.o
 .rela.text.__lwp_threadqueue_enqueue
                0x00000000        0x0 /opt/devkitpro/devkitPPC/lib/gcc/powerpc-eabi/4.6.3/crtbegin.o
 .rela.text.__lwpmq_initialize
                0x00000000        0x0 /opt/devkitpro/devkitPPC/lib/gcc/powerpc-eabi/4.6.3/crtbegin.o
 .rela.text.__lwpmq_close
                0x00000000        0x0 /opt/devkitpro/devkitPPC/lib/gcc/powerpc-eabi/4.6.3/crtbegin.o
 .rela.text.__systemcall_init
                0x00000000        0x0 /opt/devkitpro/devkitPPC/lib/gcc/powerpc-eabi/4.6.3/crtbegin.o
 .rela.text.__exception_init
                0x00000000        0x0 /opt/devkitpro/devkitPPC/lib/gcc/powerpc-eabi/4.6.3/crtbegin.o
 .rela.text.__exception_close
                0x00000000        0x0 /opt/devkitpro/devkitPPC/lib/gcc/powerpc-eabi/4.6.3/crtbegin.o
 .rela.text.__exception_sethandler
                0x00000000        0x0 /opt/devkitpro/devkitPPC/lib/gcc/powerpc-eabi/4.6.3/crtbegin.o
 .rela.text.__lwp_sema_open
                0x00000000        0x0 /opt/devkitpro/devkitPPC/lib/gcc/powerpc-eabi/4.6.3/crtbegin.o
 .rela.text.__lwp_sema_init
                0x00000000        0x0 /opt/devkitpro/devkitPPC/lib/gcc/powerpc-eabi/4.6.3/crtbegin.o
 .rela.text.LWP_SemInit
                0x00000000        0x0 /opt/devkitpro/devkitPPC/lib/gcc/powerpc-eabi/4.6.3/crtbegin.o
 .rela.text.LWP_SemDestroy
                0x00000000        0x0 /opt/devkitpro/devkitPPC/lib/gcc/powerpc-eabi/4.6.3/crtbegin.o
 .rela.text.__lwp_mutex_locksupp.constprop.7
                0x00000000        0x0 /opt/devkitpro/devkitPPC/lib/gcc/powerpc-eabi/4.6.3/crtbegin.o
 .rela.text.__lwp_mutex_init
                0x00000000        0x0 /opt/devkitpro/devkitPPC/lib/gcc/powerpc-eabi/4.6.3/crtbegin.o
 .rela.text.LWP_MutexInit
                0x00000000        0x0 /opt/devkitpro/devkitPPC/lib/gcc/powerpc-eabi/4.6.3/crtbegin.o
 .rela.text.LWP_MutexDestroy
                0x00000000        0x0 /opt/devkitpro/devkitPPC/lib/gcc/powerpc-eabi/4.6.3/crtbegin.o
 .rela.text.LWP_MutexUnlock
                0x00000000        0x0 /opt/devkitpro/devkitPPC/lib/gcc/powerpc-eabi/4.6.3/crtbegin.o
 .rela.text.kprintf
                0x00000000        0x0 /opt/devkitpro/devkitPPC/lib/gcc/powerpc-eabi/4.6.3/crtbegin.o
 .rela.text.__console_init
                0x00000000        0x0 /opt/devkitpro/devkitPPC/lib/gcc/powerpc-eabi/4.6.3/crtbegin.o
 .rela.text.__console_init_ex
                0x00000000        0x0 /opt/devkitpro/devkitPPC/lib/gcc/powerpc-eabi/4.6.3/crtbegin.o
 .rela.text.CON_EnableGecko
                0x00000000        0x0 /opt/devkitpro/devkitPPC/lib/gcc/powerpc-eabi/4.6.3/crtbegin.o
 .rela.text.atangent
                0x00000000        0x0 /opt/devkitpro/devkitPPC/lib/gcc/powerpc-eabi/4.6.3/crtbegin.o
 .rela.text.calloc
                0x00000000        0x0 /opt/devkitpro/devkitPPC/lib/gcc/powerpc-eabi/4.6.3/crtbegin.o
 .rela.text.__errno
                0x00000000        0x0 /opt/devkitpro/devkitPPC/lib/gcc/powerpc-eabi/4.6.3/crtbegin.o
 .rela.text.exit
                0x00000000        0x0 /opt/devkitpro/devkitPPC/lib/gcc/powerpc-eabi/4.6.3/crtbegin.o
 .rela.text.fclose
                0x00000000        0x0 /opt/devkitpro/devkitPPC/lib/gcc/powerpc-eabi/4.6.3/crtbegin.o
 .rela.text.fflush
                0x00000000        0x0 /opt/devkitpro/devkitPPC/lib/gcc/powerpc-eabi/4.6.3/crtbegin.o
 .rela.text.std.isra.0
                0x00000000        0x0 /opt/devkitpro/devkitPPC/lib/gcc/powerpc-eabi/4.6.3/crtbegin.o
 .rela.text._cleanup
                0x00000000        0x0 /opt/devkitpro/devkitPPC/lib/gcc/powerpc-eabi/4.6.3/crtbegin.o
 .rela.text.__sfp
                0x00000000        0x0 /opt/devkitpro/devkitPPC/lib/gcc/powerpc-eabi/4.6.3/crtbegin.o
 .rela.text.__fp_lock_all
                0x00000000        0x0 /opt/devkitpro/devkitPPC/lib/gcc/powerpc-eabi/4.6.3/crtbegin.o
 .rela.text.__fp_unlock_all
                0x00000000        0x0 /opt/devkitpro/devkitPPC/lib/gcc/powerpc-eabi/4.6.3/crtbegin.o
 .rela.text._fopen_r
                0x00000000        0x0 /opt/devkitpro/devkitPPC/lib/gcc/powerpc-eabi/4.6.3/crtbegin.o
 .rela.text.fopen
                0x00000000        0x0 /opt/devkitpro/devkitPPC/lib/gcc/powerpc-eabi/4.6.3/crtbegin.o
 .rela.text.fprintf
                0x00000000        0x0 /opt/devkitpro/devkitPPC/lib/gcc/powerpc-eabi/4.6.3/crtbegin.o
 .rela.text.fputs
                0x00000000        0x0 /opt/devkitpro/devkitPPC/lib/gcc/powerpc-eabi/4.6.3/crtbegin.o
 .rela.text.fread
                0x00000000        0x0 /opt/devkitpro/devkitPPC/lib/gcc/powerpc-eabi/4.6.3/crtbegin.o
 .rela.text._malloc_trim_r
                0x00000000        0x0 /opt/devkitpro/devkitPPC/lib/gcc/powerpc-eabi/4.6.3/crtbegin.o
 .rela.text._free_r
                0x00000000        0x0 /opt/devkitpro/devkitPPC/lib/gcc/powerpc-eabi/4.6.3/crtbegin.o
 .rela.text._fseek_r
                0x00000000        0x0 /opt/devkitpro/devkitPPC/lib/gcc/powerpc-eabi/4.6.3/crtbegin.o
 .rela.text.fseek
                0x00000000        0x0 /opt/devkitpro/devkitPPC/lib/gcc/powerpc-eabi/4.6.3/crtbegin.o
 .rela.text.__smakebuf_r
                0x00000000        0x0 /opt/devkitpro/devkitPPC/lib/gcc/powerpc-eabi/4.6.3/crtbegin.o
 .rela.text._svfprintf_r
                0x00000000        0x0 /opt/devkitpro/devkitPPC/lib/gcc/powerpc-eabi/4.6.3/crtbegin.o
 .rela.text._vfprintf_r
                0x00000000        0x0 /opt/devkitpro/devkitPPC/lib/gcc/powerpc-eabi/4.6.3/crtbegin.o
 .rela.text._wcrtomb_r
                0x00000000        0x0 /opt/devkitpro/devkitPPC/lib/gcc/powerpc-eabi/4.6.3/crtbegin.o
 .rela.text.wcrtomb
                0x00000000        0x0 /opt/devkitpro/devkitPPC/lib/gcc/powerpc-eabi/4.6.3/crtbegin.o
 .rela.text.__call_exitprocs
                0x00000000        0x0 /opt/devkitpro/devkitPPC/lib/gcc/powerpc-eabi/4.6.3/crtbegin.o
 .rela.text._dtoa_r
                0x00000000        0x0 /opt/devkitpro/devkitPPC/lib/gcc/powerpc-eabi/4.6.3/crtbegin.o
 .rela.text.loadlocale
                0x00000000        0x0 /opt/devkitpro/devkitPPC/lib/gcc/powerpc-eabi/4.6.3/crtbegin.o
 .rela.text._findenv_r
                0x00000000        0x0 /opt/devkitpro/devkitPPC/lib/gcc/powerpc-eabi/4.6.3/crtbegin.o

.rel.fini
 *(.rel.fini)

.rela.fini
 *(.rela.fini)

.rel.rodata
 *(.rel.rodata .rel.rodata.* .rel.gnu.linkonce.r.*)

.rela.rodata    0x80004194        0x0
 *(.rela.rodata .rela.rodata.* .rela.gnu.linkonce.r.*)
 .rela.rodata.cst4
                0x00000000        0x0 /opt/devkitpro/devkitPPC/lib/gcc/powerpc-eabi/4.6.3/crtbegin.o

.rel.data
 *(.rel.data .rel.data.* .rel.gnu.linkonce.d.*)

.rela.data
 *(.rela.data .rela.data.* .rela.gnu.linkonce.d.*)

.rel.tdata
 *(.rel.tdata .rel.tdata.* .rel.gnu.linkonce.td.*)

.rela.tdata
 *(.rela.tdata .rela.tdata.* .rela.gnu.linkonce.td.*)

.rel.tbss
 *(.rel.tbss .rel.tbss.* .rel.gnu.linkonce.tb.*)

.rela.tbss
 *(.rela.tbss .rela.tbss.* .rela.gnu.linkonce.tb.*)

.rel.ctors
 *(.rel.ctors)

.rela.ctors
 *(.rela.ctors)

.rel.dtors
 *(.rel.dtors)

.rela.dtors
 *(.rela.dtors)

.rel.got
 *(.rel.got)

.rela.got
 *(.rela.got)

.rela.got1
 *(.rela.got1)

.rela.got2      0x80004194        0x0
 *(.rela.got2)
 .rela.got2     0x00000000        0x0 /opt/devkitpro/devkitPPC/lib/gcc/powerpc-eabi/4.6.3/crtbegin.o

.rel.sdata
 *(.rel.sdata .rel.sdata.* .rel.gnu.linkonce.s.*)

.rela.sdata
 *(.rela.sdata .rela.sdata.* .rela.gnu.linkonce.s.*)

.rel.sbss
 *(.rel.sbss .rel.sbss.* .rel.gnu.linkonce.sb.*)

.rela.sbss
 *(.rela.sbss .rela.sbss.* .rel.gnu.linkonce.sb.*)

.rel.sdata2
 *(.rel.sdata2 .rel.sdata2.* .rel.gnu.linkonce.s2.*)

.rela.sdata2
 *(.rela.sdata2 .rela.sdata2.* .rela.gnu.linkonce.s2.*)

.rel.sbss2
 *(.rel.sbss2 .rel.sbss2.* .rel.gnu.linkonce.sb2.*)

.rela.sbss2
 *(.rela.sbss2 .rela.sbss2.* .rela.gnu.linkonce.sb2.*)

.rel.bss
 *(.rel.bss .rel.bss.* .rel.gnu.linkonce.b.*)

.rela.bss
 *(.rela.bss .rela.bss.* .rela.gnu.linkonce.b.*)

.rel.plt
 *(.rel.plt)

.rela.plt
 *(.rela.plt)

.text           0x800041a0    0x388c0
 *(.text)
 .text          0x800041a0      0x168 /opt/devkitpro/devkitPPC/lib/gcc/powerpc-eabi/4.6.3/crtbegin.o
 .text          0x80004308       0x44 /opt/devkitpro/devkitPPC/lib/gcc/powerpc-eabi/4.6.3/../../../../powerpc-eabi/lib/crtmain.o
                0x8000430c                __crtmain
 *fill*         0x8000434c       0x14 00000000
 .text          0x80004360      0x44c /opt/devkitpro/libogc/lib/wii/libogc.a(lwp_handler.o)
                0x80004360                _cpu_context_save_fp
                0x800044a0                _cpu_context_restore_fp
                0x800045e0                _cpu_context_switch
                0x800046c0                _cpu_context_save
                0x80004740                _cpu_context_restore
 .text          0x800047ac      0x4f4 /opt/devkitpro/libogc/lib/wii/libogc.a(cache_asm.o)
                0x800047ac                DCFlashInvalidate
                0x800047c0                DCEnable
                0x800047d4                DCDisable
                0x800047e8                DCFreeze
                0x800047fc                DCUnfreeze
                0x80004810                DCTouchLoad
                0x80004818                DCBlockZero
                0x80004820                DCBlockStore
                0x80004828                DCBlockFlush
                0x80004830                DCBlockInvalidate
                0x80004838                DCInvalidateRange
                0x80004868                DCFlushRange
                0x8000489c                DCStoreRange
                0x800048d0                DCFlushRangeNoSync
                0x80004900                DCStoreRangeNoSync
                0x80004930                DCZeroRange
                0x80004960                DCTouchRange
                0x80004990                ICInvalidateRange
                0x800049c8                ICFlashInvalidate
                0x800049dc                ICEnable
                0x800049f0                ICDisable
                0x80004a04                ICFreeze
                0x80004a18                ICUnfreeze
                0x80004a2c                ICBlockInvalidate
                0x80004a34                ICSync
                0x80004a3c                L2Init
                0x80004a84                L2Enable
                0x80004aa0                L2Disable
                0x80004ab8                L2GlobalInvalidate
                0x80004b10                __LCEnable
                0x80004bdc                LCDisable
                0x80004c04                LCAllocOneTag
                0x80004c18                LCAllocTags
                0x80004c58                LCLoadBlocks
                0x80004c7c                LCStoreBlocks
 .text          0x80004ca0      0x4a0 /opt/devkitpro/libogc/lib/wii/libogc.a(system_asm.o)
                0x80004ca0                __realmode
                0x80004cb8                __configBATS
                0x80004de8                __InitFPRS
                0x80004f14                __InitPS
                0x80004f70                __InitCache
                0x80004fc8                __InitSystem
                0x80005050                __flush_cache
                0x80005084                __reset
                0x800050f4                __InitBATS
                0x80005110                SYS_SwitchFiber
 .text          0x80005140      0x8dc /opt/devkitpro/libogc/lib/wii/libogc.a(gu_psasm.o)
                0x80005140                ps_guMtxConcat
                0x80005204                ps_guMtxIdentity
                0x80005230                ps_guMtxCopy
                0x80005264                ps_guMtxTranspose
                0x800052b4                ps_guMtxInverse
                0x800053ac                ps_guMtxInvXpose
                0x80005474                ps_guMtxScale
                0x8000549c                ps_guMtxScaleApply
                0x800054f4                ps_guMtxApplyScale
                0x80005558                ps_guMtxTrans
                0x8000558c                ps_guMtxTransApply
                0x800055d8                ps_guMtxApplyTrans
                0x80005654                ps_guMtxRotTrig
                0x80005704                __ps_guMtxRotAxisRadInternal
                0x800057c4                ps_guMtxReflect
                0x80005834                ps_guVecAdd
                0x80005858                ps_guVecSub
                0x8000587c                ps_guVecScale
                0x80005898                ps_guVecNormalize
                0x800058dc                ps_guVecCross
                0x80005918                ps_guVecDotProduct
                0x80005938                ps_guVecMultiply
                0x8000598c                ps_guVecMultiplySR
                0x800059fc                ps_guQuatDotProduct
 .text          0x80005a1c      0x1ac /opt/devkitpro/libogc/lib/wii/libogc.a(irq_handler.o)
                0x80005a1c                irq_exceptionhandler
 .text          0x80005bc8      0x1ac /opt/devkitpro/libogc/lib/wii/libogc.a(decrementer_handler.o)
                0x80005bc8                dec_exceptionhandler
 .text          0x80005d74      0x35c /opt/devkitpro/libogc/lib/wii/libogc.a(exception_handler.o)
                0x80005d74                exceptionhandler_start
                0x80005df0                exceptionhandler_patch
                0x80005e24                exceptionhandler_end
                0x80005e28                default_exceptionhandler
                0x80005f58                fpu_exceptionhandler
                0x800060a0                systemcallhandler_start
                0x800060cc                systemcallhandler_end
 .text          0x800060d0       0x40 /opt/devkitpro/devkitPPC/lib/gcc/powerpc-eabi/4.6.3/libgcc.a(_ashldi3.o)
                0x800060d0                __ashldi3
 .text          0x80006110      0x400 /opt/devkitpro/devkitPPC/lib/gcc/powerpc-eabi/4.6.3/libgcc.a(_udivdi3.o)
                0x80006110                __udivdi3
 .text          0x80006510      0x3d4 /opt/devkitpro/devkitPPC/lib/gcc/powerpc-eabi/4.6.3/libgcc.a(_umoddi3.o)
                0x80006510                __umoddi3
 .text          0x800068e4       0x48 /opt/devkitpro/devkitPPC/lib/gcc/powerpc-eabi/4.6.3/libgcc.a(eabi.o)
                0x800068e4                __eabi
 .text          0x8000692c       0x4c /opt/devkitpro/devkitPPC/lib/gcc/powerpc-eabi/4.6.3/libgcc.a(crtsavfpr.o)
                0x8000692c                _savefpr_14
                0x80006930                _savefpr_15
                0x80006934                _savefpr_16
                0x80006938                _savefpr_17
                0x8000693c                _savefpr_18
                0x80006940                _savefpr_19
                0x80006944                _savefpr_20
                0x80006948                _savefpr_21
                0x8000694c                _savefpr_22
                0x80006950                _savefpr_23
                0x80006954                _savefpr_24
                0x80006958                _savefpr_25
                0x8000695c                _savefpr_26
                0x80006960                _savefpr_27
                0x80006964                _savefpr_28
                0x80006968                _savefpr_29
                0x8000696c                _savefpr_30
                0x80006970                _savefpr_31
 .text          0x80006978       0x4c /opt/devkitpro/devkitPPC/lib/gcc/powerpc-eabi/4.6.3/libgcc.a(crtsavgpr.o)
                0x80006978                _savegpr_14
                0x8000697c                _savegpr_15
                0x80006980                _savegpr_16
                0x80006984                _savegpr_17
                0x80006988                _savegpr_18
                0x8000698c                _savegpr_19
                0x80006990                _savegpr_20
                0x80006994                _savegpr_21
                0x80006998                _savegpr_22
                0x8000699c                _savegpr_23
                0x800069a0                _savegpr_24
                0x800069a4                _savegpr_25
                0x800069a8                _savegpr_26
                0x800069ac                _savegpr_27
                0x800069b0                _savegpr_28
                0x800069b4                _savegpr_29
                0x800069b8                _savegpr_30
                0x800069bc                _savegpr_31
 .text          0x800069c4       0x4c /opt/devkitpro/devkitPPC/lib/gcc/powerpc-eabi/4.6.3/libgcc.a(crtresgpr.o)
                0x800069c4                _restgpr_14
                0x800069c8                _restgpr_15
                0x800069cc                _restgpr_16
                0x800069d0                _restgpr_17
                0x800069d4                _restgpr_18
                0x800069d8                _restgpr_19
                0x800069dc                _restgpr_20
                0x800069e0                _restgpr_21
                0x800069e4                _restgpr_22
                0x800069e8                _restgpr_23
                0x800069ec                _restgpr_24
                0x800069f0                _restgpr_25
                0x800069f4                _restgpr_26
                0x800069f8                _restgpr_27
                0x800069fc                _restgpr_28
                0x80006a00                _restgpr_29
                0x80006a04                _restgpr_30
                0x80006a08                _restgpr_31
 .text          0x80006a10       0x58 /opt/devkitpro/devkitPPC/lib/gcc/powerpc-eabi/4.6.3/libgcc.a(crtresxfpr.o)
                0x80006a10                _restfpr_14_x
                0x80006a14                _restfpr_15_x
                0x80006a18                _restfpr_16_x
                0x80006a1c                _restfpr_17_x
                0x80006a20                _restfpr_18_x
                0x80006a24                _restfpr_19_x
                0x80006a28                _restfpr_20_x
                0x80006a2c                _restfpr_21_x
                0x80006a30                _restfpr_22_x
                0x80006a34                _restfpr_23_x
                0x80006a38                _restfpr_24_x
                0x80006a3c                _restfpr_25_x
                0x80006a40                _restfpr_26_x
                0x80006a44                _restfpr_27_x
                0x80006a48                _restfpr_28_x
                0x80006a4c                _restfpr_29_x
                0x80006a50                _restfpr_30_x
                0x80006a54                _restfpr_31_x
 .text          0x80006a68       0x58 /opt/devkitpro/devkitPPC/lib/gcc/powerpc-eabi/4.6.3/libgcc.a(crtresxgpr.o)
                0x80006a68                _restgpr_14_x
                0x80006a6c                _restgpr_15_x
                0x80006a70                _restgpr_16_x
                0x80006a74                _restgpr_17_x
                0x80006a78                _restgpr_18_x
                0x80006a7c                _restgpr_19_x
                0x80006a80                _restgpr_20_x
                0x80006a84                _restgpr_21_x
                0x80006a88                _restgpr_22_x
                0x80006a8c                _restgpr_23_x
                0x80006a90                _restgpr_24_x
                0x80006a94                _restgpr_25_x
                0x80006a98                _restgpr_26_x
                0x80006a9c                _restgpr_27_x
                0x80006aa0                _restgpr_28_x
                0x80006aa4                _restgpr_29_x
                0x80006aa8                _restgpr_30_x
                0x80006aac                _restgpr_31_x
 .text          0x80006ac0       0x28 /opt/devkitpro/devkitPPC/lib/gcc/powerpc-eabi/4.6.3/../../../../powerpc-eabi/lib/libsysbase.a(abort.o)
                0x80006ac0                abort
 .text          0x80006ae8      0x2ec /opt/devkitpro/devkitPPC/lib/gcc/powerpc-eabi/4.6.3/../../../../powerpc-eabi/lib/libsysbase.a(iosupport.o)
                0x80006ae8                setDefaultDevice
                0x80006b00                FindDevice
                0x80006c24                RemoveDevice
                0x80006c74                AddDevice
                0x80006d90                GetDeviceOpTab
 .text          0x80006dd4       0x28 /opt/devkitpro/devkitPPC/lib/gcc/powerpc-eabi/4.6.3/../../../../powerpc-eabi/lib/libsysbase.a(_exit.o)
                0x80006dd4                _exit
 .text          0x80006dfc       0x90 /opt/devkitpro/devkitPPC/lib/gcc/powerpc-eabi/4.6.3/../../../../powerpc-eabi/lib/libsysbase.a(build_argv.o)
                0x80006dfc                build_argv
 .text          0x80006e8c      0x168 /opt/devkitpro/devkitPPC/lib/gcc/powerpc-eabi/4.6.3/../../../../powerpc-eabi/lib/libsysbase.a(syscall_support.o)
                0x80006e8c                __libc_lock_init
                0x80006ecc                __libc_lock_close
                0x80006f0c                __libc_lock_release
                0x80006f4c                __libc_lock_acquire
                0x80006f8c                __malloc_lock
                0x80006fc0                __malloc_unlock
 .text          0x80006ff4       0x98 /opt/devkitpro/devkitPPC/lib/gcc/powerpc-eabi/4.6.3/../../../../powerpc-eabi/lib/libsysbase.a(close.o)
                0x80006ff4                _close_r
 .text          0x8000708c       0xc8 /opt/devkitpro/devkitPPC/lib/gcc/powerpc-eabi/4.6.3/../../../../powerpc-eabi/lib/libsysbase.a(fstat.o)
                0x8000708c                _fstat_r
 .text          0x80007154        0x8 /opt/devkitpro/devkitPPC/lib/gcc/powerpc-eabi/4.6.3/../../../../powerpc-eabi/lib/libsysbase.a(isatty.o)
                0x80007154                _isatty_r
 .text          0x8000715c       0xcc /opt/devkitpro/devkitPPC/lib/gcc/powerpc-eabi/4.6.3/../../../../powerpc-eabi/lib/libsysbase.a(lseek.o)
                0x8000715c                _lseek_r
 .text          0x80007228       0xac /opt/devkitpro/devkitPPC/lib/gcc/powerpc-eabi/4.6.3/../../../../powerpc-eabi/lib/libsysbase.a(read.o)
                0x80007228                _read_r
 .text          0x800072d4       0x50 /opt/devkitpro/devkitPPC/lib/gcc/powerpc-eabi/4.6.3/../../../../powerpc-eabi/lib/libsysbase.a(sbrk.o)
                0x800072d4                _sbrk_r
 .text          0x80007324       0xac /opt/devkitpro/devkitPPC/lib/gcc/powerpc-eabi/4.6.3/../../../../powerpc-eabi/lib/libsysbase.a(write.o)
                0x80007324                _write_r
 .text          0x800073d0       0x6c /opt/devkitpro/devkitPPC/lib/gcc/powerpc-eabi/4.6.3/../../../../powerpc-eabi/lib/libsysbase.a(flock.o)
                0x800073d0                __flockfile
                0x80007418                __funlockfile
 .text          0x8000743c      0x174 /opt/devkitpro/devkitPPC/lib/gcc/powerpc-eabi/4.6.3/../../../../powerpc-eabi/lib/libsysbase.a(handle_manager.o)
                0x8000743c                __release_handle
                0x80007498                __alloc_handle
                0x8000758c                __get_handle
 .text          0x800075b0       0x6c /opt/devkitpro/devkitPPC/lib/gcc/powerpc-eabi/4.6.3/crtend.o
 *(.text.*)
 .text.__HomeMenu_resetCursors
                0x8000761c       0xd4 HomeMenu.o
                0x8000761c                __HomeMenu_resetCursors
 .text.__HomeMenu_animate
                0x800076f0      0xc1c HomeMenu.o
                0x800076f0                __HomeMenu_animate
 .text.__HomeMenu_drawImage
                0x8000830c      0x484 HomeMenu.o
                0x8000830c                __HomeMenu_drawImage
 .text.__HomeMenu_playPCM
                0x80008790      0x114 HomeMenu.o
                0x80008790                __HomeMenu_playPCM
 .text.__HomeMenu_updateWiimotes
                0x800088a4      0x8b8 HomeMenu.o
                0x800088a4                __HomeMenu_updateWiimotes
 .text.__HomeMenu_drawFader
                0x8000915c      0x294 HomeMenu.o
                0x8000915c                __HomeMenu_drawFader
 .text.__HomeMenu_draw
                0x800093f0       0xb0 HomeMenu.o
                0x800093f0                __HomeMenu_draw
 .text.__HomeMenu_updateTimer
                0x800094a0       0x74 HomeMenu.o
                0x800094a0                __HomeMenu_updateTimer
 .text.__HomeMenu_setVisible
                0x80009514       0x80 HomeMenu.o
                0x80009514                __HomeMenu_setVisible
 .text.__HomeMenu_moveAll
                0x80009594      0x340 HomeMenu.o
                0x80009594                __HomeMenu_moveAll
 .text.__HomeMenu_slide
                0x800098d4      0x29c HomeMenu.o
                0x800098d4                __HomeMenu_slide
 .text.HomeMenu_Show
                0x80009b70      0x5d0 HomeMenu.o
                0x80009b70                HomeMenu_Show
 .text.HomeMenu_Init
                0x8000a140      0xae4 HomeMenu.o
                0x8000a140                HomeMenu_Init
 .text.drawSpriteTex
                0x8000ac24      0x194 gxsprites.o
                0x8000ac24                drawSpriteTex
 .text.startup.main
                0x8000adb8      0x620 gxsprites.o
                0x8000adb8                main
 .text.__wpad_assign_slot
                0x8000b3d8      0x220 /opt/devkitpro/libogc/lib/wii/libwiiuse.a(wpad.o)
                0x8000b3d8                __wpad_assign_slot
 .text.__wpad_def_powcb
                0x8000b5f8       0x20 /opt/devkitpro/libogc/lib/wii/libwiiuse.a(wpad.o)
 .text.__wpad_setfmt
                0x8000b618       0xf0 /opt/devkitpro/libogc/lib/wii/libwiiuse.a(wpad.o)
 .text.__readlinkkey_finished
                0x8000b708       0x30 /opt/devkitpro/libogc/lib/wii/libwiiuse.a(wpad.o)
 .text.__wpad_patch_finished
                0x8000b738       0x2c /opt/devkitpro/libogc/lib/wii/libwiiuse.a(wpad.o)
 .text.__wpad_eventCB
                0x8000b764      0x958 /opt/devkitpro/libogc/lib/wii/libwiiuse.a(wpad.o)
 .text.__wpad_disconnectCB
                0x8000c0bc       0xe8 /opt/devkitpro/libogc/lib/wii/libwiiuse.a(wpad.o)
                0x8000c0bc                __wpad_disconnectCB
 .text.__wpad_timeouthandler
                0x8000c1a4       0x98 /opt/devkitpro/libogc/lib/wii/libwiiuse.a(wpad.o)
 .text.__initcore_finished
                0x8000c23c       0x40 /opt/devkitpro/libogc/lib/wii/libwiiuse.a(wpad.o)
 .text.__wpad_init_finished
                0x8000c27c      0x134 /opt/devkitpro/libogc/lib/wii/libwiiuse.a(wpad.o)
 .text.WPAD_ReadEvent
                0x8000c3b0      0x580 /opt/devkitpro/libogc/lib/wii/libwiiuse.a(wpad.o)
                0x8000c3b0                WPAD_ReadEvent
 .text.WPAD_ReadPending
                0x8000c930      0x10c /opt/devkitpro/libogc/lib/wii/libwiiuse.a(wpad.o)
                0x8000c930                WPAD_ReadPending
 .text.WPAD_SetDataFormat
                0x8000ca3c      0x114 /opt/devkitpro/libogc/lib/wii/libwiiuse.a(wpad.o)
                0x8000ca3c                WPAD_SetDataFormat
 .text.WPAD_SetVRes
                0x8000cb50       0xe0 /opt/devkitpro/libogc/lib/wii/libwiiuse.a(wpad.o)
                0x8000cb50                WPAD_SetVRes
 .text.WPAD_Probe
                0x8000cc30       0xd4 /opt/devkitpro/libogc/lib/wii/libwiiuse.a(wpad.o)
                0x8000cc30                WPAD_Probe
 .text.WPAD_Shutdown
                0x8000cd04       0xdc /opt/devkitpro/libogc/lib/wii/libwiiuse.a(wpad.o)
                0x8000cd04                WPAD_Shutdown
 .text.WPAD_Init
                0x8000cde0      0x240 /opt/devkitpro/libogc/lib/wii/libwiiuse.a(wpad.o)
                0x8000cde0                WPAD_Init
 .text.__wpad_onreset
                0x8000d020       0x2c /opt/devkitpro/libogc/lib/wii/libwiiuse.a(wpad.o)
 .text.WPAD_ScanPads
                0x8000d04c        0xc /opt/devkitpro/libogc/lib/wii/libwiiuse.a(wpad.o)
                0x8000d04c                WPAD_ScanPads
 .text.WPAD_Rumble
                0x8000d058       0xd8 /opt/devkitpro/libogc/lib/wii/libwiiuse.a(wpad.o)
                0x8000d058                WPAD_Rumble
 .text.WPAD_ButtonsDown
                0x8000d130       0x28 /opt/devkitpro/libogc/lib/wii/libwiiuse.a(wpad.o)
                0x8000d130                WPAD_ButtonsDown
 .text.WPAD_IR  0x8000d158       0x4c /opt/devkitpro/libogc/lib/wii/libwiiuse.a(wpad.o)
                0x8000d158                WPAD_IR
 .text.motion_plus_disconnected
                0x8000d1a4       0x10 /opt/devkitpro/libogc/lib/wii/libwiiuse.a(motion_plus.o)
                0x8000d1a4                motion_plus_disconnected
 .text.motion_plus_event
                0x8000d1b4       0x64 /opt/devkitpro/libogc/lib/wii/libwiiuse.a(motion_plus.o)
                0x8000d1b4                motion_plus_event
 .text.calculate_gforce
                0x8000d218      0x114 /opt/devkitpro/libogc/lib/wii/libwiiuse.a(dynamics.o)
                0x8000d218                calculate_gforce
 .text.calc_joystick_state
                0x8000d32c      0x21c /opt/devkitpro/libogc/lib/wii/libwiiuse.a(dynamics.o)
                0x8000d32c                calc_joystick_state
 .text.apply_smoothing
                0x8000d548      0x148 /opt/devkitpro/libogc/lib/wii/libwiiuse.a(dynamics.o)
                0x8000d548                apply_smoothing
 .text.calculate_orientation
                0x8000d690      0x29c /opt/devkitpro/libogc/lib/wii/libwiiuse.a(dynamics.o)
                0x8000d690                calculate_orientation
 .text.calc_balanceboard_state
                0x8000d92c      0x36c /opt/devkitpro/libogc/lib/wii/libwiiuse.a(dynamics.o)
                0x8000d92c                calc_balanceboard_state
 .text.wiiuse_handshake_expansion
                0x8000dc98      0x1d4 /opt/devkitpro/libogc/lib/wii/libwiiuse.a(io.o)
                0x8000dc98                wiiuse_handshake_expansion
 .text.wiiuse_handshake
                0x8000de6c      0x150 /opt/devkitpro/libogc/lib/wii/libwiiuse.a(io.o)
                0x8000de6c                wiiuse_handshake
 .text.wiiuse_handshake_expansion_start
                0x8000dfbc       0x24 /opt/devkitpro/libogc/lib/wii/libwiiuse.a(io.o)
                0x8000dfbc                wiiuse_handshake_expansion_start
 .text.wiiuse_disable_expansion
                0x8000dfe0       0xc0 /opt/devkitpro/libogc/lib/wii/libwiiuse.a(io.o)
                0x8000dfe0                wiiuse_disable_expansion
 .text.__wiiuse_disconnected
                0x8000e0a0       0x90 /opt/devkitpro/libogc/lib/wii/libwiiuse.a(io_wii.o)
 .text.__wiiuse_receive
                0x8000e130       0x8c /opt/devkitpro/libogc/lib/wii/libwiiuse.a(io_wii.o)
 .text.__wiiuse_connected
                0x8000e1bc       0x7c /opt/devkitpro/libogc/lib/wii/libwiiuse.a(io_wii.o)
 .text.__wiiuse_sensorbar_enable
                0x8000e238       0x48 /opt/devkitpro/libogc/lib/wii/libwiiuse.a(io_wii.o)
                0x8000e238                __wiiuse_sensorbar_enable
 .text.wiiuse_register
                0x8000e280       0xa4 /opt/devkitpro/libogc/lib/wii/libwiiuse.a(io_wii.o)
                0x8000e280                wiiuse_register
 .text.wiiuse_disconnect
                0x8000e324       0x40 /opt/devkitpro/libogc/lib/wii/libwiiuse.a(io_wii.o)
                0x8000e324                wiiuse_disconnect
 .text.wiiuse_init_cmd_queue
                0x8000e364       0x84 /opt/devkitpro/libogc/lib/wii/libwiiuse.a(io_wii.o)
                0x8000e364                wiiuse_init_cmd_queue
 .text.wiiuse_io_write
                0x8000e3e8       0x38 /opt/devkitpro/libogc/lib/wii/libwiiuse.a(io_wii.o)
                0x8000e3e8                wiiuse_io_write
 .text.get_ir_sens.isra.0
                0x8000e420       0xe8 /opt/devkitpro/libogc/lib/wii/libwiiuse.a(ir.o)
 .text.rotate_dots
                0x8000e508      0x110 /opt/devkitpro/libogc/lib/wii/libwiiuse.a(ir.o)
 .text.wiiuse_set_ir_mode
                0x8000e618       0x60 /opt/devkitpro/libogc/lib/wii/libwiiuse.a(ir.o)
                0x8000e618                wiiuse_set_ir_mode
 .text.wiiuse_set_ir
                0x8000e678      0x190 /opt/devkitpro/libogc/lib/wii/libwiiuse.a(ir.o)
                0x8000e678                wiiuse_set_ir
 .text.wiiuse_set_ir_vres
                0x8000e808       0x1c /opt/devkitpro/libogc/lib/wii/libwiiuse.a(ir.o)
                0x8000e808                wiiuse_set_ir_vres
 .text.wiiuse_set_ir_position
                0x8000e824       0x78 /opt/devkitpro/libogc/lib/wii/libwiiuse.a(ir.o)
                0x8000e824                wiiuse_set_ir_position
 .text.wiiuse_set_aspect_ratio
                0x8000e89c       0x3c /opt/devkitpro/libogc/lib/wii/libwiiuse.a(ir.o)
                0x8000e89c                wiiuse_set_aspect_ratio
 .text.wiiuse_set_ir_sensitivity
                0x8000e8d8       0xf8 /opt/devkitpro/libogc/lib/wii/libwiiuse.a(ir.o)
                0x8000e8d8                wiiuse_set_ir_sensitivity
 .text.calculate_basic_ir
                0x8000e9d0       0xfc /opt/devkitpro/libogc/lib/wii/libwiiuse.a(ir.o)
                0x8000e9d0                calculate_basic_ir
 .text.calculate_extended_ir
                0x8000eacc       0x7c /opt/devkitpro/libogc/lib/wii/libwiiuse.a(ir.o)
                0x8000eacc                calculate_extended_ir
 .text.find_sensorbar
                0x8000eb48      0x7fc /opt/devkitpro/libogc/lib/wii/libwiiuse.a(ir.o)
                0x8000eb48                find_sensorbar
 .text.apply_ir_smoothing
                0x8000f344       0xd4 /opt/devkitpro/libogc/lib/wii/libwiiuse.a(ir.o)
                0x8000f344                apply_ir_smoothing
 .text.calc_yaw
                0x8000f418       0x54 /opt/devkitpro/libogc/lib/wii/libwiiuse.a(ir.o)
                0x8000f418                calc_yaw
 .text.interpret_ir_data
                0x8000f46c      0x370 /opt/devkitpro/libogc/lib/wii/libwiiuse.a(ir.o)
                0x8000f46c                interpret_ir_data
 .text.nunchuk_handshake
                0x8000f7dc      0x228 /opt/devkitpro/libogc/lib/wii/libwiiuse.a(nunchuk.o)
                0x8000f7dc                nunchuk_handshake
 .text.nunchuk_disconnected
                0x8000fa04       0x28 /opt/devkitpro/libogc/lib/wii/libwiiuse.a(nunchuk.o)
                0x8000fa04                nunchuk_disconnected
 .text.nunchuk_event
                0x8000fa2c       0xe4 /opt/devkitpro/libogc/lib/wii/libwiiuse.a(nunchuk.o)
                0x8000fa2c                nunchuk_event
 .text.wii_board_handshake
                0x8000fb10      0x170 /opt/devkitpro/libogc/lib/wii/libwiiuse.a(wiiboard.o)
                0x8000fb10                wii_board_handshake
 .text.wii_board_disconnected
                0x8000fc80       0x28 /opt/devkitpro/libogc/lib/wii/libwiiuse.a(wiiboard.o)
                0x8000fc80                wii_board_disconnected
 .text.wii_board_event
                0x8000fca8       0x54 /opt/devkitpro/libogc/lib/wii/libwiiuse.a(wiiboard.o)
                0x8000fca8                wii_board_event
 .text.wiiuse_send_next_command
                0x8000fcfc       0x6c /opt/devkitpro/libogc/lib/wii/libwiiuse.a(wiiuse.o)
                0x8000fcfc                wiiuse_send_next_command
 .text.__wiiuse_push_command
                0x8000fd68       0x94 /opt/devkitpro/libogc/lib/wii/libwiiuse.a(wiiuse.o)
 .text.wiiuse_init
                0x8000fdfc      0x154 /opt/devkitpro/libogc/lib/wii/libwiiuse.a(wiiuse.o)
                0x8000fdfc                wiiuse_init
 .text.wiiuse_set_flags
                0x8000ff50       0x24 /opt/devkitpro/libogc/lib/wii/libwiiuse.a(wiiuse.o)
                0x8000ff50                wiiuse_set_flags
 .text.wiiuse_read_data
                0x8000ff74       0x94 /opt/devkitpro/libogc/lib/wii/libwiiuse.a(wiiuse.o)
                0x8000ff74                wiiuse_read_data
 .text.wiiuse_write_data
                0x80010008       0xc0 /opt/devkitpro/libogc/lib/wii/libwiiuse.a(wiiuse.o)
                0x80010008                wiiuse_write_data
 .text.wiiuse_sendcmd
                0x800100c8       0x90 /opt/devkitpro/libogc/lib/wii/libwiiuse.a(wiiuse.o)
                0x800100c8                wiiuse_sendcmd
 .text.wiiuse_status
                0x80010158       0x4c /opt/devkitpro/libogc/lib/wii/libwiiuse.a(wiiuse.o)
                0x80010158                wiiuse_status
 .text.wiiuse_motion_sensing
                0x800101a4       0x3c /opt/devkitpro/libogc/lib/wii/libwiiuse.a(wiiuse.o)
                0x800101a4                wiiuse_motion_sensing
 .text.wiiuse_set_report_type
                0x800101e0       0xd0 /opt/devkitpro/libogc/lib/wii/libwiiuse.a(wiiuse.o)
                0x800101e0                wiiuse_set_report_type
 .text.wiiuse_set_leds
                0x800102b0       0x50 /opt/devkitpro/libogc/lib/wii/libwiiuse.a(wiiuse.o)
                0x800102b0                wiiuse_set_leds
 .text.wiiuse_toggle_rumble
                0x80010300       0x3c /opt/devkitpro/libogc/lib/wii/libwiiuse.a(wiiuse.o)
                0x80010300                wiiuse_toggle_rumble
 .text.wiiuse_rumble
                0x8001033c       0x20 /opt/devkitpro/libogc/lib/wii/libwiiuse.a(wiiuse.o)
                0x8001033c                wiiuse_rumble
 .text.wiiuse_set_speaker
                0x8001035c      0x1e4 /opt/devkitpro/libogc/lib/wii/libwiiuse.a(speaker.o)
                0x8001035c                wiiuse_set_speaker
 .text.classic_ctrl_handshake
                0x80010540      0x188 /opt/devkitpro/libogc/lib/wii/libwiiuse.a(classic.o)
                0x80010540                classic_ctrl_handshake
 .text.classic_ctrl_disconnected
                0x800106c8       0x28 /opt/devkitpro/libogc/lib/wii/libwiiuse.a(classic.o)
                0x800106c8                classic_ctrl_disconnected
 .text.classic_ctrl_event
                0x800106f0       0xa4 /opt/devkitpro/libogc/lib/wii/libwiiuse.a(classic.o)
                0x800106f0                classic_ctrl_event
 .text.handle_expansion
                0x80010794       0x70 /opt/devkitpro/libogc/lib/wii/libwiiuse.a(events.o)
 .text.wiiuse_pressed_buttons
                0x80010804       0x2c /opt/devkitpro/libogc/lib/wii/libwiiuse.a(events.o)
                0x80010804                wiiuse_pressed_buttons
 .text.parse_event
                0x80010830      0x540 /opt/devkitpro/libogc/lib/wii/libwiiuse.a(events.o)
                0x80010830                parse_event
 .text.guitar_hero_3_handshake
                0x80010d70       0x68 /opt/devkitpro/libogc/lib/wii/libwiiuse.a(guitar_hero_3.o)
                0x80010d70                guitar_hero_3_handshake
 .text.guitar_hero_3_disconnected
                0x80010dd8       0x28 /opt/devkitpro/libogc/lib/wii/libwiiuse.a(guitar_hero_3.o)
                0x80010dd8                guitar_hero_3_disconnected
 .text.guitar_hero_3_event
                0x80010e00       0x68 /opt/devkitpro/libogc/lib/wii/libwiiuse.a(guitar_hero_3.o)
                0x80010e00                guitar_hero_3_event
 .text.acl_wlp_completed
                0x80010e68        0x8 /opt/devkitpro/libogc/lib/wii/libbte.a(bte.o)
                0x80010e68                acl_wlp_completed
 .text.__bte_cmdfinish
                0x80010e70       0x9c /opt/devkitpro/libogc/lib/wii/libbte.a(bte.o)
 .text.bte_hci_initsub_complete
                0x80010f0c      0x12c /opt/devkitpro/libogc/lib/wii/libbte.a(bte.o)
                0x80010f0c                bte_hci_initsub_complete
 .text.bte_hci_initcore_complete2
                0x80011038       0xf0 /opt/devkitpro/libogc/lib/wii/libbte.a(bte.o)
                0x80011038                bte_hci_initcore_complete2
 .text.bte_hci_patch_complete
                0x80011128      0x1b0 /opt/devkitpro/libogc/lib/wii/libbte.a(bte.o)
                0x80011128                bte_hci_patch_complete
 .text.bte_hci_apply_patch_complete
                0x800112d8       0xa8 /opt/devkitpro/libogc/lib/wii/libbte.a(bte.o)
                0x800112d8                bte_hci_apply_patch_complete
 .text.bte_hci_initcore_complete
                0x80011380      0x158 /opt/devkitpro/libogc/lib/wii/libbte.a(bte.o)
                0x80011380                bte_hci_initcore_complete
 .text.__bte_close_ctrl_queue
                0x800114d8       0x80 /opt/devkitpro/libogc/lib/wii/libbte.a(bte.o)
 .text.__bte_send_pending_request
                0x80011558       0xb8 /opt/devkitpro/libogc/lib/wii/libbte.a(bte.o)
 .text.l2cap_disconnect_cfm
                0x80011610       0xe0 /opt/devkitpro/libogc/lib/wii/libbte.a(bte.o)
                0x80011610                l2cap_disconnect_cfm
 .text.acl_conn_complete
                0x800116f0       0x2c /opt/devkitpro/libogc/lib/wii/libbte.a(bte.o)
                0x800116f0                acl_conn_complete
 .text.__bte_shutdown_finished
                0x8001171c       0x5c /opt/devkitpro/libogc/lib/wii/libbte.a(bte.o)
 .text.bt_alarmhandler
                0x80011778       0x60 /opt/devkitpro/libogc/lib/wii/libbte.a(bte.o)
 .text.bte_read_stored_link_key_complete
                0x800117d8      0x108 /opt/devkitpro/libogc/lib/wii/libbte.a(bte.o)
                0x800117d8                bte_read_stored_link_key_complete
 .text.l2cap_accepted
                0x800118e0       0xd8 /opt/devkitpro/libogc/lib/wii/libbte.a(bte.o)
                0x800118e0                l2cap_accepted
 .text.l2cap_disconnected_ind
                0x800119b8       0xb8 /opt/devkitpro/libogc/lib/wii/libbte.a(bte.o)
                0x800119b8                l2cap_disconnected_ind
 .text.bte_process_input
                0x80011a70       0xf4 /opt/devkitpro/libogc/lib/wii/libbte.a(bte.o)
 .text.__bte_waitcmdfinish.constprop.6
                0x80011b64       0x78 /opt/devkitpro/libogc/lib/wii/libbte.a(bte.o)
 .text.BTE_Init
                0x80011bdc      0x108 /opt/devkitpro/libogc/lib/wii/libbte.a(bte.o)
                0x80011bdc                BTE_Init
 .text.BTE_Shutdown
                0x80011ce4       0x94 /opt/devkitpro/libogc/lib/wii/libbte.a(bte.o)
                0x80011ce4                BTE_Shutdown
 .text.BTE_InitCore
                0x80011d78       0x7c /opt/devkitpro/libogc/lib/wii/libbte.a(bte.o)
                0x80011d78                BTE_InitCore
 .text.BTE_ApplyPatch
                0x80011df4       0x98 /opt/devkitpro/libogc/lib/wii/libbte.a(bte.o)
                0x80011df4                BTE_ApplyPatch
 .text.BTE_InitSub
                0x80011e8c       0x80 /opt/devkitpro/libogc/lib/wii/libbte.a(bte.o)
                0x80011e8c                BTE_InitSub
 .text.BTE_ReadStoredLinkKey
                0x80011f0c       0x80 /opt/devkitpro/libogc/lib/wii/libbte.a(bte.o)
                0x80011f0c                BTE_ReadStoredLinkKey
 .text.BTE_SetDisconnectCallback
                0x80011f8c       0x20 /opt/devkitpro/libogc/lib/wii/libbte.a(bte.o)
                0x80011f8c                BTE_SetDisconnectCallback
 .text.bte_new  0x80011fac       0x4c /opt/devkitpro/libogc/lib/wii/libbte.a(bte.o)
                0x80011fac                bte_new
 .text.bte_registerdeviceasync
                0x80011ff8      0x124 /opt/devkitpro/libogc/lib/wii/libbte.a(bte.o)
                0x80011ff8                bte_registerdeviceasync
 .text.bte_disconnect
                0x8001211c       0x9c /opt/devkitpro/libogc/lib/wii/libbte.a(bte.o)
                0x8001211c                bte_disconnect
 .text.bte_senddata
                0x800121b8       0xb0 /opt/devkitpro/libogc/lib/wii/libbte.a(bte.o)
                0x800121b8                bte_senddata
 .text.bte_arg  0x80012268       0x3c /opt/devkitpro/libogc/lib/wii/libbte.a(bte.o)
                0x80012268                bte_arg
 .text.bte_received
                0x800122a4       0x3c /opt/devkitpro/libogc/lib/wii/libbte.a(bte.o)
                0x800122a4                bte_received
 .text.bte_disconnected
                0x800122e0       0x3c /opt/devkitpro/libogc/lib/wii/libbte.a(bte.o)
                0x800122e0                bte_disconnected
 .text.hci_init
                0x8001231c       0x78 /opt/devkitpro/libogc/lib/wii/libbte.a(hci.o)
                0x8001231c                hci_init
 .text.hci_new  0x80012394       0x3c /opt/devkitpro/libogc/lib/wii/libbte.a(hci.o)
                0x80012394                hci_new
 .text.hci_get_link
                0x800123d0       0x7c /opt/devkitpro/libogc/lib/wii/libbte.a(hci.o)
                0x800123d0                hci_get_link
 .text.hci_close
                0x8001244c       0xcc /opt/devkitpro/libogc/lib/wii/libbte.a(hci.o)
                0x8001244c                hci_close
 .text.hci_reset_all
                0x80012518       0x9c /opt/devkitpro/libogc/lib/wii/libbte.a(hci.o)
                0x80012518                hci_reset_all
 .text.hci_arg  0x800125b4        0xc /opt/devkitpro/libogc/lib/wii/libbte.a(hci.o)
                0x800125b4                hci_arg
 .text.hci_cmd_complete
                0x800125c0        0xc /opt/devkitpro/libogc/lib/wii/libbte.a(hci.o)
                0x800125c0                hci_cmd_complete
 .text.hci_connection_complete
                0x800125cc        0xc /opt/devkitpro/libogc/lib/wii/libbte.a(hci.o)
                0x800125cc                hci_connection_complete
 .text.hci_wlp_complete
                0x800125d8        0xc /opt/devkitpro/libogc/lib/wii/libbte.a(hci.o)
                0x800125d8                hci_wlp_complete
 .text.hci_cmd_ass
                0x800125e4       0x48 /opt/devkitpro/libogc/lib/wii/libbte.a(hci.o)
                0x800125e4                hci_cmd_ass
 .text.hci_reset
                0x8001262c       0x64 /opt/devkitpro/libogc/lib/wii/libbte.a(hci.o)
                0x8001262c                hci_reset
 .text.hci_read_buffer_size
                0x80012690       0x64 /opt/devkitpro/libogc/lib/wii/libbte.a(hci.o)
                0x80012690                hci_read_buffer_size
 .text.hci_read_bd_addr
                0x800126f4       0x64 /opt/devkitpro/libogc/lib/wii/libbte.a(hci.o)
                0x800126f4                hci_read_bd_addr
 .text.hci_read_local_version
                0x80012758       0x64 /opt/devkitpro/libogc/lib/wii/libbte.a(hci.o)
                0x80012758                hci_read_local_version
 .text.hci_read_local_features
                0x800127bc       0x64 /opt/devkitpro/libogc/lib/wii/libbte.a(hci.o)
                0x800127bc                hci_read_local_features
 .text.hci_read_stored_link_key
                0x80012820       0xac /opt/devkitpro/libogc/lib/wii/libbte.a(hci.o)
                0x80012820                hci_read_stored_link_key
 .text.hci_write_page_timeout
                0x800128cc       0x7c /opt/devkitpro/libogc/lib/wii/libbte.a(hci.o)
                0x800128cc                hci_write_page_timeout
 .text.hci_write_scan_enable
                0x80012948       0x6c /opt/devkitpro/libogc/lib/wii/libbte.a(hci.o)
                0x80012948                hci_write_scan_enable
 .text.hci_accecpt_conn_request
                0x800129b4       0x80 /opt/devkitpro/libogc/lib/wii/libbte.a(hci.o)
                0x800129b4                hci_accecpt_conn_request
 .text.hci_write_local_name
                0x80012a34       0x80 /opt/devkitpro/libogc/lib/wii/libbte.a(hci.o)
                0x80012a34                hci_write_local_name
 .text.hci_write_pin_type
                0x80012ab4       0x6c /opt/devkitpro/libogc/lib/wii/libbte.a(hci.o)
                0x80012ab4                hci_write_pin_type
 .text.hci_write_inquiry_mode
                0x80012b20       0x6c /opt/devkitpro/libogc/lib/wii/libbte.a(hci.o)
                0x80012b20                hci_write_inquiry_mode
 .text.hci_write_page_scan_type
                0x80012b8c       0x6c /opt/devkitpro/libogc/lib/wii/libbte.a(hci.o)
                0x80012b8c                hci_write_page_scan_type
 .text.hci_write_inquiry_scan_type
                0x80012bf8       0x6c /opt/devkitpro/libogc/lib/wii/libbte.a(hci.o)
                0x80012bf8                hci_write_inquiry_scan_type
 .text.hci_vendor_specific_command
                0x80012c64       0x8c /opt/devkitpro/libogc/lib/wii/libbte.a(hci.o)
                0x80012c64                hci_vendor_specific_command
 .text.hci_write_link_policy_settings
                0x80012cf0       0xa0 /opt/devkitpro/libogc/lib/wii/libbte.a(hci.o)
                0x80012cf0                hci_write_link_policy_settings
 .text.hci_pin_code_request_neg_reply
                0x80012d90       0x74 /opt/devkitpro/libogc/lib/wii/libbte.a(hci.o)
                0x80012d90                hci_pin_code_request_neg_reply
 .text.hci_disconnect
                0x80012e04       0x98 /opt/devkitpro/libogc/lib/wii/libbte.a(hci.o)
                0x80012e04                hci_disconnect
 .text.hci_write_cod
                0x80012e9c       0x78 /opt/devkitpro/libogc/lib/wii/libbte.a(hci.o)
                0x80012e9c                hci_write_cod
 .text.hci_host_buffer_size
                0x80012f14       0xb4 /opt/devkitpro/libogc/lib/wii/libbte.a(hci.o)
                0x80012f14                hci_host_buffer_size
 .text.hci_host_num_comp_packets
                0x80012fc8       0xac /opt/devkitpro/libogc/lib/wii/libbte.a(hci.o)
                0x80012fc8                hci_host_num_comp_packets
 .text.lp_pdu_maxsize
                0x80013074        0xc /opt/devkitpro/libogc/lib/wii/libbte.a(hci.o)
                0x80013074                lp_pdu_maxsize
 .text.lp_acl_write
                0x80013080      0x114 /opt/devkitpro/libogc/lib/wii/libbte.a(hci.o)
                0x80013080                lp_acl_write
 .text.lp_write_flush_timeout
                0x80013194       0xa0 /opt/devkitpro/libogc/lib/wii/libbte.a(hci.o)
                0x80013194                lp_write_flush_timeout
 .text.hci_event_handler
                0x80013234      0xa6c /opt/devkitpro/libogc/lib/wii/libbte.a(hci.o)
                0x80013234                hci_event_handler
 .text.hci_acldata_handler
                0x80013ca0       0xdc /opt/devkitpro/libogc/lib/wii/libbte.a(hci.o)
                0x80013ca0                hci_acldata_handler
 .text.l2cap_cid_alloc
                0x80013d7c       0x4c /opt/devkitpro/libogc/lib/wii/libbte.a(l2cap.o)
 .text.l2cap_init
                0x80013dc8       0x60 /opt/devkitpro/libogc/lib/wii/libbte.a(l2cap.o)
                0x80013dc8                l2cap_init
 .text.l2cap_write
                0x80013e28       0xe0 /opt/devkitpro/libogc/lib/wii/libbte.a(l2cap.o)
                0x80013e28                l2cap_write
 .text.l2cap_new
                0x80013f08       0x6c /opt/devkitpro/libogc/lib/wii/libbte.a(l2cap.o)
                0x80013f08                l2cap_new
 .text.l2cap_close
                0x80013f74      0x15c /opt/devkitpro/libogc/lib/wii/libbte.a(l2cap.o)
                0x80013f74                l2cap_close
 .text.l2cap_reset_all
                0x800140d0      0x104 /opt/devkitpro/libogc/lib/wii/libbte.a(l2cap.o)
                0x800140d0                l2cap_reset_all
 .text.l2cap_rexmit_signal
                0x800141d4       0x10 /opt/devkitpro/libogc/lib/wii/libbte.a(l2cap.o)
                0x800141d4                l2cap_rexmit_signal
 .text.l2ca_datawrite
                0x800141e4       0xe8 /opt/devkitpro/libogc/lib/wii/libbte.a(l2cap.o)
                0x800141e4                l2ca_datawrite
 .text.lp_connect_ind
                0x800142cc        0x4 /opt/devkitpro/libogc/lib/wii/libbte.a(l2cap.o)
                0x800142cc                lp_connect_ind
 .text.lp_disconnect_ind
                0x800142d0       0xe4 /opt/devkitpro/libogc/lib/wii/libbte.a(l2cap.o)
                0x800142d0                lp_disconnect_ind
 .text.l2cap_disconnect_bb
                0x800143b4       0x10 /opt/devkitpro/libogc/lib/wii/libbte.a(l2cap.o)
                0x800143b4                l2cap_disconnect_bb
 .text.l2cap_next_sigid
                0x800143c4       0x28 /opt/devkitpro/libogc/lib/wii/libbte.a(l2cap.o)
                0x800143c4                l2cap_next_sigid
 .text.l2cap_signal
                0x800143ec      0x184 /opt/devkitpro/libogc/lib/wii/libbte.a(l2cap.o)
                0x800143ec                l2cap_signal
 .text.lp_connect_cfm
                0x80014570      0x130 /opt/devkitpro/libogc/lib/wii/libbte.a(l2cap.o)
                0x80014570                lp_connect_cfm
 .text.l2ca_disconnect_req
                0x800146a0       0xac /opt/devkitpro/libogc/lib/wii/libbte.a(l2cap.o)
                0x800146a0                l2ca_disconnect_req
 .text.l2cap_tmr
                0x8001474c      0x1e8 /opt/devkitpro/libogc/lib/wii/libbte.a(l2cap.o)
                0x8001474c                l2cap_tmr
 .text.l2ca_config_req
                0x80014934      0x108 /opt/devkitpro/libogc/lib/wii/libbte.a(l2cap.o)
                0x80014934                l2ca_config_req
 .text.l2cap_process_sig
                0x80014a3c     0x1078 /opt/devkitpro/libogc/lib/wii/libbte.a(l2cap.o)
                0x80014a3c                l2cap_process_sig
 .text.l2cap_input
                0x80015ab4      0x4e8 /opt/devkitpro/libogc/lib/wii/libbte.a(l2cap.o)
                0x80015ab4                l2cap_input
 .text.l2cap_arg
                0x80015f9c        0x8 /opt/devkitpro/libogc/lib/wii/libbte.a(l2cap.o)
                0x80015f9c                l2cap_arg
 .text.l2cap_connect_ind
                0x80015fa4       0xd8 /opt/devkitpro/libogc/lib/wii/libbte.a(l2cap.o)
                0x80015fa4                l2cap_connect_ind
 .text.l2cap_disconnect_ind
                0x8001607c        0x8 /opt/devkitpro/libogc/lib/wii/libbte.a(l2cap.o)
                0x8001607c                l2cap_disconnect_ind
 .text.l2cap_recv
                0x80016084        0x8 /opt/devkitpro/libogc/lib/wii/libbte.a(l2cap.o)
                0x80016084                l2cap_recv
 .text.btmemb_init
                0x8001608c       0x40 /opt/devkitpro/libogc/lib/wii/libbte.a(btmemb.o)
                0x8001608c                btmemb_init
 .text.btmemb_alloc
                0x800160cc       0x9c /opt/devkitpro/libogc/lib/wii/libbte.a(btmemb.o)
                0x800160cc                btmemb_alloc
 .text.btmemb_free
                0x80016168       0xa4 /opt/devkitpro/libogc/lib/wii/libbte.a(btmemb.o)
                0x80016168                btmemb_free
 .text.plug_holes
                0x8001620c       0xb8 /opt/devkitpro/libogc/lib/wii/libbte.a(btmemr.o)
 .text.btmemr_init
                0x800162c4       0x8c /opt/devkitpro/libogc/lib/wii/libbte.a(btmemr.o)
                0x800162c4                btmemr_init
 .text.btmemr_malloc
                0x80016350      0x164 /opt/devkitpro/libogc/lib/wii/libbte.a(btmemr.o)
                0x80016350                btmemr_malloc
 .text.btmemr_free
                0x800164b4       0x94 /opt/devkitpro/libogc/lib/wii/libbte.a(btmemr.o)
                0x800164b4                btmemr_free
 .text.btmemr_realloc
                0x80016548       0xf0 /opt/devkitpro/libogc/lib/wii/libbte.a(btmemr.o)
                0x80016548                btmemr_realloc
 .text.btpbuf_init
                0x80016638       0x2c /opt/devkitpro/libogc/lib/wii/libbte.a(btpbuf.o)
                0x80016638                btpbuf_init
 .text.btpbuf_free
                0x80016664       0xc4 /opt/devkitpro/libogc/lib/wii/libbte.a(btpbuf.o)
                0x80016664                btpbuf_free
 .text.btpbuf_alloc
                0x80016728      0x1d0 /opt/devkitpro/libogc/lib/wii/libbte.a(btpbuf.o)
                0x80016728                btpbuf_alloc
 .text.btpbuf_realloc
                0x800168f8       0xa4 /opt/devkitpro/libogc/lib/wii/libbte.a(btpbuf.o)
                0x800168f8                btpbuf_realloc
 .text.btpbuf_header
                0x8001699c       0x98 /opt/devkitpro/libogc/lib/wii/libbte.a(btpbuf.o)
                0x8001699c                btpbuf_header
 .text.btpbuf_ref
                0x80016a34       0x4c /opt/devkitpro/libogc/lib/wii/libbte.a(btpbuf.o)
                0x80016a34                btpbuf_ref
 .text.btpbuf_cat
                0x80016a80       0x48 /opt/devkitpro/libogc/lib/wii/libbte.a(btpbuf.o)
                0x80016a80                btpbuf_cat
 .text.btpbuf_chain
                0x80016ac8       0x34 /opt/devkitpro/libogc/lib/wii/libbte.a(btpbuf.o)
                0x80016ac8                btpbuf_chain
 .text.btpbuf_dechain
                0x80016afc       0x60 /opt/devkitpro/libogc/lib/wii/libbte.a(btpbuf.o)
                0x80016afc                btpbuf_dechain
 .text.btpbuf_take
                0x80016b5c       0xe8 /opt/devkitpro/libogc/lib/wii/libbte.a(btpbuf.o)
                0x80016b5c                btpbuf_take
 .text.__usb_closeCB
                0x80016c44       0x10 /opt/devkitpro/libogc/lib/wii/libbte.a(physbusif.o)
 .text.__writebulkmsgCB
                0x80016c54       0x34 /opt/devkitpro/libogc/lib/wii/libbte.a(physbusif.o)
 .text.__writectrlmsgCB
                0x80016c88       0x34 /opt/devkitpro/libogc/lib/wii/libbte.a(physbusif.o)
 .text.__initUsbIOBuffer
                0x80016cbc       0x78 /opt/devkitpro/libogc/lib/wii/libbte.a(physbusif.o)
 .text.__issue_intrread.part.0
                0x80016d34       0x7c /opt/devkitpro/libogc/lib/wii/libbte.a(physbusif.o)
 .text.__readintrdataCB
                0x80016db0       0xf0 /opt/devkitpro/libogc/lib/wii/libbte.a(physbusif.o)
 .text.__issue_bulkread.part.2
                0x80016ea0       0x7c /opt/devkitpro/libogc/lib/wii/libbte.a(physbusif.o)
 .text.__readbulkdataCB
                0x80016f1c       0xf0 /opt/devkitpro/libogc/lib/wii/libbte.a(physbusif.o)
 .text.physbusif_init
                0x8001700c      0x15c /opt/devkitpro/libogc/lib/wii/libbte.a(physbusif.o)
                0x8001700c                physbusif_init
 .text.physbusif_close
                0x80017168       0x28 /opt/devkitpro/libogc/lib/wii/libbte.a(physbusif.o)
                0x80017168                physbusif_close
 .text.physbusif_shutdown
                0x80017190       0x40 /opt/devkitpro/libogc/lib/wii/libbte.a(physbusif.o)
                0x80017190                physbusif_shutdown
 .text.physbusif_reset_all
                0x800171d0        0x4 /opt/devkitpro/libogc/lib/wii/libbte.a(physbusif.o)
                0x800171d0                physbusif_reset_all
 .text.physbusif_output
                0x800171d4      0x140 /opt/devkitpro/libogc/lib/wii/libbte.a(physbusif.o)
                0x800171d4                physbusif_output
 .text.__lwp_queue_initialize
                0x80017314       0x3c /opt/devkitpro/libogc/lib/wii/libogc.a(lwp_queue.o)
                0x80017314                __lwp_queue_initialize
 .text.__lwp_queue_get
                0x80017350       0x64 /opt/devkitpro/libogc/lib/wii/libogc.a(lwp_queue.o)
                0x80017350                __lwp_queue_get
 .text.__lwp_queue_append
                0x800173b4       0x50 /opt/devkitpro/libogc/lib/wii/libogc.a(lwp_queue.o)
                0x800173b4                __lwp_queue_append
 .text.__lwp_priomap_addto
                0x80017404       0x28 /opt/devkitpro/libogc/lib/wii/libogc.a(lwp_threads.o)
 .text.__lwp_thread_calcheir
                0x8001742c       0x3c /opt/devkitpro/libogc/lib/wii/libogc.a(lwp_threads.o)
 .text.__lwp_thread_dispatchunnest
                0x80017468       0x10 /opt/devkitpro/libogc/lib/wii/libogc.a(lwp_threads.o)
 .text.__lwp_priomap_removefrom
                0x80017478       0x38 /opt/devkitpro/libogc/lib/wii/libogc.a(lwp_threads.o)
 .text.__lwp_wd_insert_ticks.constprop.4
                0x800174b0       0x60 /opt/devkitpro/libogc/lib/wii/libogc.a(lwp_threads.o)
 .text.__lwp_isr_in_progress
                0x80017510        0x8 /opt/devkitpro/libogc/lib/wii/libogc.a(lwp_threads.o)
                0x80017510                __lwp_isr_in_progress
 .text.__thread_dispatch_fp
                0x80017518       0x7c /opt/devkitpro/libogc/lib/wii/libogc.a(lwp_threads.o)
                0x80017518                __thread_dispatch_fp
 .text.__thread_dispatch
                0x80017594       0xe0 /opt/devkitpro/libogc/lib/wii/libogc.a(lwp_threads.o)
                0x80017594                __thread_dispatch
 .text.__lwp_thread_dispatchenable
                0x80017674       0x18 /opt/devkitpro/libogc/lib/wii/libogc.a(lwp_threads.o)
 .text.__lwp_thread_resettimeslice
                0x8001768c       0xcc /opt/devkitpro/libogc/lib/wii/libogc.a(lwp_threads.o)
                0x8001768c                __lwp_thread_resettimeslice
 .text.__lwp_thread_tickle_timeslice
                0x80017758       0x80 /opt/devkitpro/libogc/lib/wii/libogc.a(lwp_threads.o)
                0x80017758                __lwp_thread_tickle_timeslice
 .text.__lwp_thread_setstate
                0x800177d8       0xf8 /opt/devkitpro/libogc/lib/wii/libogc.a(lwp_threads.o)
                0x800177d8                __lwp_thread_setstate
 .text.__lwp_thread_clearstate
                0x800178d0       0xe8 /opt/devkitpro/libogc/lib/wii/libogc.a(lwp_threads.o)
                0x800178d0                __lwp_thread_clearstate
 .text.__lwp_thread_delayended
                0x800179b8       0x4c /opt/devkitpro/libogc/lib/wii/libogc.a(lwp_threads.o)
                0x800179b8                __lwp_thread_delayended
 .text.__lwp_thread_setpriority
                0x80017a04       0x5c /opt/devkitpro/libogc/lib/wii/libogc.a(lwp_threads.o)
                0x80017a04                __lwp_thread_setpriority
 .text.__lwp_thread_suspend
                0x80017a60      0x108 /opt/devkitpro/libogc/lib/wii/libogc.a(lwp_threads.o)
                0x80017a60                __lwp_thread_suspend
 .text.__lwp_thread_settransient
                0x80017b68       0xa8 /opt/devkitpro/libogc/lib/wii/libogc.a(lwp_threads.o)
                0x80017b68                __lwp_thread_settransient
 .text.__lwp_thread_changepriority
                0x80017c10      0x118 /opt/devkitpro/libogc/lib/wii/libogc.a(lwp_threads.o)
                0x80017c10                __lwp_thread_changepriority
 .text.__lwp_thread_resume
                0x80017d28      0x12c /opt/devkitpro/libogc/lib/wii/libogc.a(lwp_threads.o)
                0x80017d28                __lwp_thread_resume
 .text.__lwp_thread_loadenv
                0x80017e54       0x78 /opt/devkitpro/libogc/lib/wii/libogc.a(lwp_threads.o)
                0x80017e54                __lwp_thread_loadenv
 .text.__lwp_thread_ready
                0x80017ecc       0xc0 /opt/devkitpro/libogc/lib/wii/libogc.a(lwp_threads.o)
                0x80017ecc                __lwp_thread_ready
 .text.__lwp_thread_init
                0x80017f8c       0xf8 /opt/devkitpro/libogc/lib/wii/libogc.a(lwp_threads.o)
                0x80017f8c                __lwp_thread_init
 .text.__lwp_thread_close
                0x80018084      0x108 /opt/devkitpro/libogc/lib/wii/libogc.a(lwp_threads.o)
                0x80018084                __lwp_thread_close
 .text.__lwp_thread_closeall
                0x8001818c       0x9c /opt/devkitpro/libogc/lib/wii/libogc.a(lwp_threads.o)
                0x8001818c                __lwp_thread_closeall
 .text.__lwp_thread_exit
                0x80018228       0x38 /opt/devkitpro/libogc/lib/wii/libogc.a(lwp_threads.o)
                0x80018228                __lwp_thread_exit
 .text.__lwp_thread_handler
                0x80018260       0x68 /opt/devkitpro/libogc/lib/wii/libogc.a(lwp_threads.o)
 .text.__lwp_thread_start
                0x800182c8       0x58 /opt/devkitpro/libogc/lib/wii/libogc.a(lwp_threads.o)
                0x800182c8                __lwp_thread_start
 .text.__lwp_thread_startmultitasking
                0x80018320       0x64 /opt/devkitpro/libogc/lib/wii/libogc.a(lwp_threads.o)
                0x80018320                __lwp_thread_startmultitasking
 .text.__lwp_thread_stopmultitasking
                0x80018384       0x5c /opt/devkitpro/libogc/lib/wii/libogc.a(lwp_threads.o)
                0x80018384                __lwp_thread_stopmultitasking
 .text.__lwp_thread_coreinit
                0x800183e0       0xd8 /opt/devkitpro/libogc/lib/wii/libogc.a(lwp_threads.o)
                0x800183e0                __lwp_thread_coreinit
 .text.__lwp_objmgr_open
                0x800184b8       0x20 /opt/devkitpro/libogc/lib/wii/libogc.a(lwp.o)
 .text.__lwp_thread_dispatchdisable
                0x800184d8       0x10 /opt/devkitpro/libogc/lib/wii/libogc.a(lwp.o)
 .text.idle_func
                0x800184e8        0x4 /opt/devkitpro/libogc/lib/wii/libogc.a(lwp.o)
 .text.__lwp_thread_dispatchenable
                0x800184ec       0x34 /opt/devkitpro/libogc/lib/wii/libogc.a(lwp.o)
 .text.__lwp_tqueue_open
                0x80018520       0x48 /opt/devkitpro/libogc/lib/wii/libogc.a(lwp.o)
 .text.__lwp_cntrl_open
                0x80018568       0x48 /opt/devkitpro/libogc/lib/wii/libogc.a(lwp.o)
 .text.__lwp_sysinit
                0x800185b0       0xec /opt/devkitpro/libogc/lib/wii/libogc.a(lwp.o)
                0x800185b0                __lwp_sysinit
 .text.LWP_SuspendThread
                0x8001869c       0x54 /opt/devkitpro/libogc/lib/wii/libogc.a(lwp.o)
                0x8001869c                LWP_SuspendThread
 .text.LWP_ResumeThread
                0x800186f0       0x58 /opt/devkitpro/libogc/lib/wii/libogc.a(lwp.o)
                0x800186f0                LWP_ResumeThread
 .text.LWP_GetSelf
                0x80018748       0x38 /opt/devkitpro/libogc/lib/wii/libogc.a(lwp.o)
                0x80018748                LWP_GetSelf
 .text.LWP_InitQueue
                0x80018780       0x84 /opt/devkitpro/libogc/lib/wii/libogc.a(lwp.o)
                0x80018780                LWP_InitQueue
 .text.LWP_CloseQueue
                0x80018804       0x68 /opt/devkitpro/libogc/lib/wii/libogc.a(lwp.o)
                0x80018804                LWP_CloseQueue
 .text.LWP_ThreadSleep
                0x8001886c       0xa0 /opt/devkitpro/libogc/lib/wii/libogc.a(lwp.o)
                0x8001886c                LWP_ThreadSleep
 .text.LWP_ThreadBroadcast
                0x8001890c       0x50 /opt/devkitpro/libogc/lib/wii/libogc.a(lwp.o)
                0x8001890c                LWP_ThreadBroadcast
 .text.LWP_ThreadSignal
                0x8001895c       0x40 /opt/devkitpro/libogc/lib/wii/libogc.a(lwp.o)
                0x8001895c                LWP_ThreadSignal
 .text.__lwp_stack_allocate
                0x8001899c       0x50 /opt/devkitpro/libogc/lib/wii/libogc.a(lwp_stack.o)
                0x8001899c                __lwp_stack_allocate
 .text.__lwp_stack_free
                0x800189ec       0x3c /opt/devkitpro/libogc/lib/wii/libogc.a(lwp_stack.o)
                0x800189ec                __lwp_stack_free
 .text.__lwp_wd_settimer.isra.3
                0x80018a28       0xb4 /opt/devkitpro/libogc/lib/wii/libogc.a(lwp_watchdog.o)
 .text.__lwp_watchdog_init
                0x80018adc       0x2c /opt/devkitpro/libogc/lib/wii/libogc.a(lwp_watchdog.o)
                0x80018adc                __lwp_watchdog_init
 .text.__lwp_wd_insert
                0x80018b08      0x150 /opt/devkitpro/libogc/lib/wii/libogc.a(lwp_watchdog.o)
                0x80018b08                __lwp_wd_insert
 .text.__lwp_wd_remove
                0x80018c58       0xd0 /opt/devkitpro/libogc/lib/wii/libogc.a(lwp_watchdog.o)
                0x80018c58                __lwp_wd_remove
 .text.__lwp_wd_tickle
                0x80018d28       0xfc /opt/devkitpro/libogc/lib/wii/libogc.a(lwp_watchdog.o)
                0x80018d28                __lwp_wd_tickle
 .text.__lwp_wkspace_init
                0x80018e24       0xa0 /opt/devkitpro/libogc/lib/wii/libogc.a(lwp_wkspace.o)
                0x80018e24                __lwp_wkspace_init
 .text.__lwp_objmgr_initinfo
                0x80018ec4      0x148 /opt/devkitpro/libogc/lib/wii/libogc.a(lwp_objmgr.o)
                0x80018ec4                __lwp_objmgr_initinfo
 .text.__lwp_objmgr_getisrdisable
                0x8001900c       0x68 /opt/devkitpro/libogc/lib/wii/libogc.a(lwp_objmgr.o)
                0x8001900c                __lwp_objmgr_getisrdisable
 .text.__lwp_objmgr_getnoprotection
                0x80019074       0x24 /opt/devkitpro/libogc/lib/wii/libogc.a(lwp_objmgr.o)
                0x80019074                __lwp_objmgr_getnoprotection
 .text.__lwp_objmgr_get
                0x80019098       0x68 /opt/devkitpro/libogc/lib/wii/libogc.a(lwp_objmgr.o)
                0x80019098                __lwp_objmgr_get
 .text.__lwp_objmgr_allocate
                0x80019100       0x78 /opt/devkitpro/libogc/lib/wii/libogc.a(lwp_objmgr.o)
                0x80019100                __lwp_objmgr_allocate
 .text.__lwp_objmgr_free
                0x80019178       0x60 /opt/devkitpro/libogc/lib/wii/libogc.a(lwp_objmgr.o)
                0x80019178                __lwp_objmgr_free
 .text.__lwp_heap_init
                0x800191d8       0xb0 /opt/devkitpro/libogc/lib/wii/libogc.a(lwp_heap.o)
                0x800191d8                __lwp_heap_init
 .text.__lwp_heap_allocate
                0x80019288      0x130 /opt/devkitpro/libogc/lib/wii/libogc.a(lwp_heap.o)
                0x80019288                __lwp_heap_allocate
 .text.__lwp_heap_free
                0x800193b8      0x1d8 /opt/devkitpro/libogc/lib/wii/libogc.a(lwp_heap.o)
                0x800193b8                __lwp_heap_free
 .text.__SetInterrupts
                0x80019590      0x288 /opt/devkitpro/libogc/lib/wii/libogc.a(irq.o)
 .text.c_irqdispatcher
                0x80019818      0x28c /opt/devkitpro/libogc/lib/wii/libogc.a(irq.o)
                0x80019818                c_irqdispatcher
 .text.__UnmaskIrq
                0x80019aa4       0x7c /opt/devkitpro/libogc/lib/wii/libogc.a(irq.o)
                0x80019aa4                __UnmaskIrq
 .text.__MaskIrq
                0x80019b20       0x7c /opt/devkitpro/libogc/lib/wii/libogc.a(irq.o)
                0x80019b20                __MaskIrq
 .text.__irq_init
                0x80019b9c       0x94 /opt/devkitpro/libogc/lib/wii/libogc.a(irq.o)
                0x80019b9c                __irq_init
 .text.IRQ_Request
                0x80019c30       0x54 /opt/devkitpro/libogc/lib/wii/libogc.a(irq.o)
                0x80019c30                IRQ_Request
 .text.IRQ_GetHandler
                0x80019c84       0x48 /opt/devkitpro/libogc/lib/wii/libogc.a(irq.o)
                0x80019c84                IRQ_GetHandler
 .text.IRQ_Disable
                0x80019ccc       0x24 /opt/devkitpro/libogc/lib/wii/libogc.a(irq.o)
                0x80019ccc                IRQ_Disable
 .text.IRQ_Restore
                0x80019cf0       0x1c /opt/devkitpro/libogc/lib/wii/libogc.a(irq.o)
                0x80019cf0                IRQ_Restore
 .text.__viOpenI2C